// Vitest Snapshot v1, https://vitest.dev/guide/snapshot.html

exports[`timeline datamodel integration 1`] = `
{
  "dayTexts": [
    {
      "dayAnimId": "dayanim00",
      "dayNumber": "001",
      "duration": 3300,
      "freeze": false,
      "lastDayAnimId": "",
    },
    {
      "dayAnimId": "dayanim01",
      "dayNumber": "002",
      "duration": 3300,
      "freeze": false,
      "lastDayAnimId": "dayanim00",
    },
    {
      "dayAnimId": "dayanim02",
      "dayNumber": "003",
      "duration": 3300,
      "freeze": false,
      "lastDayAnimId": "dayanim01",
    },
    {
      "dayAnimId": "dayanim20",
      "dayNumber": "004",
      "duration": 3900,
      "freeze": false,
      "lastDayAnimId": "dayanim02",
    },
    {
      "dayAnimId": "dayanim30",
      "dayNumber": "005",
      "duration": 2250,
      "freeze": false,
      "lastDayAnimId": "dayanim20",
    },
    {
      "dayAnimId": "dayanim31",
      "dayNumber": "006",
      "duration": 2250,
      "freeze": false,
      "lastDayAnimId": "dayanim30",
    },
    {
      "dayAnimId": "dayanim40",
      "dayNumber": "007",
      "duration": 9300,
      "freeze": false,
      "lastDayAnimId": "dayanim31",
    },
    {
      "dayAnimId": "dayanim50",
      "dayNumber": "008",
      "duration": 333.3333333333333,
      "freeze": false,
      "lastDayAnimId": "dayanim40",
    },
    {
      "dayAnimId": "dayanim51",
      "dayNumber": "009",
      "duration": 333.3333333333333,
      "freeze": false,
      "lastDayAnimId": "dayanim50",
    },
    {
      "dayAnimId": "dayanim52",
      "dayNumber": "010",
      "duration": 333.3333333333333,
      "freeze": false,
      "lastDayAnimId": "dayanim51",
    },
    {
      "dayAnimId": "dayanim53",
      "dayNumber": "011",
      "duration": 333.3333333333333,
      "freeze": false,
      "lastDayAnimId": "dayanim52",
    },
    {
      "dayAnimId": "dayanim54",
      "dayNumber": "012",
      "duration": 333.3333333333333,
      "freeze": false,
      "lastDayAnimId": "dayanim53",
    },
    {
      "dayAnimId": "dayanim55",
      "dayNumber": "013",
      "duration": 333.3333333333333,
      "freeze": false,
      "lastDayAnimId": "dayanim54",
    },
    {
      "dayAnimId": "dayanim56",
      "dayNumber": "014",
      "duration": 333.3333333333333,
      "freeze": false,
      "lastDayAnimId": "dayanim55",
    },
    {
      "dayAnimId": "dayanim57",
      "dayNumber": "015",
      "duration": 333.3333333333333,
      "freeze": false,
      "lastDayAnimId": "dayanim56",
    },
    {
      "dayAnimId": "dayanim58",
      "dayNumber": "016",
      "duration": 333.3333333333333,
      "freeze": false,
      "lastDayAnimId": "dayanim57",
    },
    {
      "dayAnimId": "dayanim60",
      "dayNumber": "017",
      "duration": 570,
      "freeze": false,
      "lastDayAnimId": "dayanim58",
    },
    {
      "dayAnimId": "dayanim61",
      "dayNumber": "018",
      "duration": 570,
      "freeze": false,
      "lastDayAnimId": "dayanim60",
    },
    {
      "dayAnimId": "dayanim62",
      "dayNumber": "019",
      "duration": 570,
      "freeze": false,
      "lastDayAnimId": "dayanim61",
    },
    {
      "dayAnimId": "dayanim63",
      "dayNumber": "020",
      "duration": 570,
      "freeze": false,
      "lastDayAnimId": "dayanim62",
    },
    {
      "dayAnimId": "dayanim64",
      "dayNumber": "021",
      "duration": 570,
      "freeze": false,
      "lastDayAnimId": "dayanim63",
    },
    {
      "dayAnimId": "dayanim65",
      "dayNumber": "022",
      "duration": 570,
      "freeze": false,
      "lastDayAnimId": "dayanim64",
    },
    {
      "dayAnimId": "dayanim66",
      "dayNumber": "023",
      "duration": 570,
      "freeze": false,
      "lastDayAnimId": "dayanim65",
    },
    {
      "dayAnimId": "dayanim67",
      "dayNumber": "024",
      "duration": 570,
      "freeze": false,
      "lastDayAnimId": "dayanim66",
    },
    {
      "dayAnimId": "dayanim68",
      "dayNumber": "025",
      "duration": 570,
      "freeze": false,
      "lastDayAnimId": "dayanim67",
    },
    {
      "dayAnimId": "dayanim69",
      "dayNumber": "026",
      "duration": 570,
      "freeze": false,
      "lastDayAnimId": "dayanim68",
    },
    {
      "dayAnimId": "dayanim70",
      "dayNumber": "027",
      "duration": 1000,
      "freeze": false,
      "lastDayAnimId": "dayanim69",
    },
    {
      "dayAnimId": "dayanim71",
      "dayNumber": "028",
      "duration": 1000,
      "freeze": false,
      "lastDayAnimId": "dayanim70",
    },
    {
      "dayAnimId": "dayanim72",
      "dayNumber": "029",
      "duration": 1000,
      "freeze": false,
      "lastDayAnimId": "dayanim71",
    },
    {
      "dayAnimId": "dayanim90",
      "dayNumber": "030",
      "duration": 750,
      "freeze": false,
      "lastDayAnimId": "dayanim72",
    },
    {
      "dayAnimId": "dayanim91",
      "dayNumber": "031",
      "duration": 750,
      "freeze": false,
      "lastDayAnimId": "dayanim90",
    },
    {
      "dayAnimId": "dayanim92",
      "dayNumber": "032",
      "duration": 750,
      "freeze": false,
      "lastDayAnimId": "dayanim91",
    },
    {
      "dayAnimId": "dayanim93",
      "dayNumber": "033",
      "duration": 750,
      "freeze": false,
      "lastDayAnimId": "dayanim92",
    },
    {
      "dayAnimId": "dayanim100",
      "dayNumber": "034",
      "duration": 161.53846153846155,
      "freeze": false,
      "lastDayAnimId": "dayanim93",
    },
    {
      "dayAnimId": "dayanim101",
      "dayNumber": "035",
      "duration": 161.53846153846155,
      "freeze": false,
      "lastDayAnimId": "dayanim100",
    },
    {
      "dayAnimId": "dayanim102",
      "dayNumber": "036",
      "duration": 161.53846153846155,
      "freeze": false,
      "lastDayAnimId": "dayanim101",
    },
    {
      "dayAnimId": "dayanim103",
      "dayNumber": "037",
      "duration": 161.53846153846155,
      "freeze": false,
      "lastDayAnimId": "dayanim102",
    },
    {
      "dayAnimId": "dayanim104",
      "dayNumber": "038",
      "duration": 161.53846153846155,
      "freeze": false,
      "lastDayAnimId": "dayanim103",
    },
    {
      "dayAnimId": "dayanim105",
      "dayNumber": "039",
      "duration": 161.53846153846155,
      "freeze": false,
      "lastDayAnimId": "dayanim104",
    },
    {
      "dayAnimId": "dayanim106",
      "dayNumber": "040",
      "duration": 161.53846153846155,
      "freeze": false,
      "lastDayAnimId": "dayanim105",
    },
    {
      "dayAnimId": "dayanim107",
      "dayNumber": "041",
      "duration": 161.53846153846155,
      "freeze": false,
      "lastDayAnimId": "dayanim106",
    },
    {
      "dayAnimId": "dayanim108",
      "dayNumber": "042",
      "duration": 161.53846153846155,
      "freeze": false,
      "lastDayAnimId": "dayanim107",
    },
    {
      "dayAnimId": "dayanim109",
      "dayNumber": "043",
      "duration": 161.53846153846155,
      "freeze": false,
      "lastDayAnimId": "dayanim108",
    },
    {
      "dayAnimId": "dayanim1010",
      "dayNumber": "044",
      "duration": 161.53846153846155,
      "freeze": false,
      "lastDayAnimId": "dayanim109",
    },
    {
      "dayAnimId": "dayanim1011",
      "dayNumber": "045",
      "duration": 161.53846153846155,
      "freeze": false,
      "lastDayAnimId": "dayanim1010",
    },
    {
      "dayAnimId": "dayanim1012",
      "dayNumber": "046",
      "duration": 161.53846153846155,
      "freeze": false,
      "lastDayAnimId": "dayanim1011",
    },
    {
      "dayAnimId": "dayanim1013",
      "dayNumber": "047",
      "duration": 161.53846153846155,
      "freeze": false,
      "lastDayAnimId": "dayanim1012",
    },
    {
      "dayAnimId": "dayanim1014",
      "dayNumber": "048",
      "duration": 161.53846153846155,
      "freeze": false,
      "lastDayAnimId": "dayanim1013",
    },
    {
      "dayAnimId": "dayanim1015",
      "dayNumber": "049",
      "duration": 161.53846153846155,
      "freeze": false,
      "lastDayAnimId": "dayanim1014",
    },
    {
      "dayAnimId": "dayanim1016",
      "dayNumber": "050",
      "duration": 161.53846153846155,
      "freeze": false,
      "lastDayAnimId": "dayanim1015",
    },
    {
      "dayAnimId": "dayanim1017",
      "dayNumber": "051",
      "duration": 161.53846153846155,
      "freeze": false,
      "lastDayAnimId": "dayanim1016",
    },
    {
      "dayAnimId": "dayanim1018",
      "dayNumber": "052",
      "duration": 161.53846153846155,
      "freeze": false,
      "lastDayAnimId": "dayanim1017",
    },
    {
      "dayAnimId": "dayanim1019",
      "dayNumber": "053",
      "duration": 161.53846153846155,
      "freeze": false,
      "lastDayAnimId": "dayanim1018",
    },
    {
      "dayAnimId": "dayanim1020",
      "dayNumber": "054",
      "duration": 161.53846153846155,
      "freeze": false,
      "lastDayAnimId": "dayanim1019",
    },
    {
      "dayAnimId": "dayanim1021",
      "dayNumber": "055",
      "duration": 161.53846153846155,
      "freeze": false,
      "lastDayAnimId": "dayanim1020",
    },
    {
      "dayAnimId": "dayanim1022",
      "dayNumber": "056",
      "duration": 161.53846153846155,
      "freeze": false,
      "lastDayAnimId": "dayanim1021",
    },
    {
      "dayAnimId": "dayanim1023",
      "dayNumber": "057",
      "duration": 161.53846153846155,
      "freeze": false,
      "lastDayAnimId": "dayanim1022",
    },
    {
      "dayAnimId": "dayanim1024",
      "dayNumber": "058",
      "duration": 161.53846153846155,
      "freeze": false,
      "lastDayAnimId": "dayanim1023",
    },
    {
      "dayAnimId": "dayanim1025",
      "dayNumber": "059",
      "duration": 161.53846153846155,
      "freeze": false,
      "lastDayAnimId": "dayanim1024",
    },
    {
      "dayAnimId": "dayanim1026",
      "dayNumber": "060",
      "duration": 161.53846153846155,
      "freeze": false,
      "lastDayAnimId": "dayanim1025",
    },
    {
      "dayAnimId": "dayanim1027",
      "dayNumber": "061",
      "duration": 161.53846153846155,
      "freeze": false,
      "lastDayAnimId": "dayanim1026",
    },
    {
      "dayAnimId": "dayanim1028",
      "dayNumber": "062",
      "duration": 161.53846153846155,
      "freeze": false,
      "lastDayAnimId": "dayanim1027",
    },
    {
      "dayAnimId": "dayanim1029",
      "dayNumber": "063",
      "duration": 161.53846153846155,
      "freeze": false,
      "lastDayAnimId": "dayanim1028",
    },
    {
      "dayAnimId": "dayanim1030",
      "dayNumber": "064",
      "duration": 161.53846153846155,
      "freeze": false,
      "lastDayAnimId": "dayanim1029",
    },
    {
      "dayAnimId": "dayanim1031",
      "dayNumber": "065",
      "duration": 161.53846153846155,
      "freeze": false,
      "lastDayAnimId": "dayanim1030",
    },
    {
      "dayAnimId": "dayanim1032",
      "dayNumber": "066",
      "duration": 161.53846153846155,
      "freeze": false,
      "lastDayAnimId": "dayanim1031",
    },
    {
      "dayAnimId": "dayanim1033",
      "dayNumber": "067",
      "duration": 161.53846153846155,
      "freeze": false,
      "lastDayAnimId": "dayanim1032",
    },
    {
      "dayAnimId": "dayanim1034",
      "dayNumber": "068",
      "duration": 161.53846153846155,
      "freeze": false,
      "lastDayAnimId": "dayanim1033",
    },
    {
      "dayAnimId": "dayanim1035",
      "dayNumber": "069",
      "duration": 161.53846153846155,
      "freeze": false,
      "lastDayAnimId": "dayanim1034",
    },
    {
      "dayAnimId": "dayanim1036",
      "dayNumber": "070",
      "duration": 161.53846153846155,
      "freeze": false,
      "lastDayAnimId": "dayanim1035",
    },
    {
      "dayAnimId": "dayanim1037",
      "dayNumber": "071",
      "duration": 161.53846153846155,
      "freeze": false,
      "lastDayAnimId": "dayanim1036",
    },
    {
      "dayAnimId": "dayanim1038",
      "dayNumber": "072",
      "duration": 161.53846153846155,
      "freeze": false,
      "lastDayAnimId": "dayanim1037",
    },
    {
      "dayAnimId": "dayanim110",
      "dayNumber": "073",
      "duration": 78.94736842105263,
      "freeze": false,
      "lastDayAnimId": "dayanim1038",
    },
    {
      "dayAnimId": "dayanim111",
      "dayNumber": "074",
      "duration": 78.94736842105263,
      "freeze": false,
      "lastDayAnimId": "dayanim110",
    },
    {
      "dayAnimId": "dayanim112",
      "dayNumber": "075",
      "duration": 78.94736842105263,
      "freeze": false,
      "lastDayAnimId": "dayanim111",
    },
    {
      "dayAnimId": "dayanim113",
      "dayNumber": "076",
      "duration": 78.94736842105263,
      "freeze": false,
      "lastDayAnimId": "dayanim112",
    },
    {
      "dayAnimId": "dayanim114",
      "dayNumber": "077",
      "duration": 78.94736842105263,
      "freeze": false,
      "lastDayAnimId": "dayanim113",
    },
    {
      "dayAnimId": "dayanim115",
      "dayNumber": "078",
      "duration": 78.94736842105263,
      "freeze": false,
      "lastDayAnimId": "dayanim114",
    },
    {
      "dayAnimId": "dayanim116",
      "dayNumber": "079",
      "duration": 78.94736842105263,
      "freeze": false,
      "lastDayAnimId": "dayanim115",
    },
    {
      "dayAnimId": "dayanim117",
      "dayNumber": "080",
      "duration": 78.94736842105263,
      "freeze": false,
      "lastDayAnimId": "dayanim116",
    },
    {
      "dayAnimId": "dayanim118",
      "dayNumber": "081",
      "duration": 78.94736842105263,
      "freeze": false,
      "lastDayAnimId": "dayanim117",
    },
    {
      "dayAnimId": "dayanim119",
      "dayNumber": "082",
      "duration": 78.94736842105263,
      "freeze": false,
      "lastDayAnimId": "dayanim118",
    },
    {
      "dayAnimId": "dayanim1110",
      "dayNumber": "083",
      "duration": 78.94736842105263,
      "freeze": false,
      "lastDayAnimId": "dayanim119",
    },
    {
      "dayAnimId": "dayanim1111",
      "dayNumber": "084",
      "duration": 78.94736842105263,
      "freeze": false,
      "lastDayAnimId": "dayanim1110",
    },
    {
      "dayAnimId": "dayanim1112",
      "dayNumber": "085",
      "duration": 78.94736842105263,
      "freeze": false,
      "lastDayAnimId": "dayanim1111",
    },
    {
      "dayAnimId": "dayanim1113",
      "dayNumber": "086",
      "duration": 78.94736842105263,
      "freeze": false,
      "lastDayAnimId": "dayanim1112",
    },
    {
      "dayAnimId": "dayanim1114",
      "dayNumber": "087",
      "duration": 78.94736842105263,
      "freeze": false,
      "lastDayAnimId": "dayanim1113",
    },
    {
      "dayAnimId": "dayanim1115",
      "dayNumber": "088",
      "duration": 78.94736842105263,
      "freeze": false,
      "lastDayAnimId": "dayanim1114",
    },
    {
      "dayAnimId": "dayanim1116",
      "dayNumber": "089",
      "duration": 78.94736842105263,
      "freeze": false,
      "lastDayAnimId": "dayanim1115",
    },
    {
      "dayAnimId": "dayanim1117",
      "dayNumber": "090",
      "duration": 78.94736842105263,
      "freeze": false,
      "lastDayAnimId": "dayanim1116",
    },
    {
      "dayAnimId": "dayanim1118",
      "dayNumber": "091",
      "duration": 78.94736842105263,
      "freeze": false,
      "lastDayAnimId": "dayanim1117",
    },
    {
      "dayAnimId": "dayanim1119",
      "dayNumber": "092",
      "duration": 78.94736842105263,
      "freeze": false,
      "lastDayAnimId": "dayanim1118",
    },
    {
      "dayAnimId": "dayanim1120",
      "dayNumber": "093",
      "duration": 78.94736842105263,
      "freeze": false,
      "lastDayAnimId": "dayanim1119",
    },
    {
      "dayAnimId": "dayanim1121",
      "dayNumber": "094",
      "duration": 78.94736842105263,
      "freeze": false,
      "lastDayAnimId": "dayanim1120",
    },
    {
      "dayAnimId": "dayanim1122",
      "dayNumber": "095",
      "duration": 78.94736842105263,
      "freeze": false,
      "lastDayAnimId": "dayanim1121",
    },
    {
      "dayAnimId": "dayanim1123",
      "dayNumber": "096",
      "duration": 78.94736842105263,
      "freeze": false,
      "lastDayAnimId": "dayanim1122",
    },
    {
      "dayAnimId": "dayanim1124",
      "dayNumber": "097",
      "duration": 78.94736842105263,
      "freeze": false,
      "lastDayAnimId": "dayanim1123",
    },
    {
      "dayAnimId": "dayanim1125",
      "dayNumber": "098",
      "duration": 78.94736842105263,
      "freeze": false,
      "lastDayAnimId": "dayanim1124",
    },
    {
      "dayAnimId": "dayanim1126",
      "dayNumber": "099",
      "duration": 78.94736842105263,
      "freeze": false,
      "lastDayAnimId": "dayanim1125",
    },
    {
      "dayAnimId": "dayanim1127",
      "dayNumber": "100",
      "duration": 78.94736842105263,
      "freeze": false,
      "lastDayAnimId": "dayanim1126",
    },
    {
      "dayAnimId": "dayanim1128",
      "dayNumber": "101",
      "duration": 78.94736842105263,
      "freeze": false,
      "lastDayAnimId": "dayanim1127",
    },
    {
      "dayAnimId": "dayanim1129",
      "dayNumber": "102",
      "duration": 78.94736842105263,
      "freeze": false,
      "lastDayAnimId": "dayanim1128",
    },
    {
      "dayAnimId": "dayanim1130",
      "dayNumber": "103",
      "duration": 78.94736842105263,
      "freeze": false,
      "lastDayAnimId": "dayanim1129",
    },
    {
      "dayAnimId": "dayanim1131",
      "dayNumber": "104",
      "duration": 78.94736842105263,
      "freeze": false,
      "lastDayAnimId": "dayanim1130",
    },
    {
      "dayAnimId": "dayanim1132",
      "dayNumber": "105",
      "duration": 78.94736842105263,
      "freeze": false,
      "lastDayAnimId": "dayanim1131",
    },
    {
      "dayAnimId": "dayanim1133",
      "dayNumber": "106",
      "duration": 78.94736842105263,
      "freeze": false,
      "lastDayAnimId": "dayanim1132",
    },
    {
      "dayAnimId": "dayanim1134",
      "dayNumber": "107",
      "duration": 78.94736842105263,
      "freeze": false,
      "lastDayAnimId": "dayanim1133",
    },
    {
      "dayAnimId": "dayanim1135",
      "dayNumber": "108",
      "duration": 78.94736842105263,
      "freeze": false,
      "lastDayAnimId": "dayanim1134",
    },
    {
      "dayAnimId": "dayanim1136",
      "dayNumber": "109",
      "duration": 78.94736842105263,
      "freeze": false,
      "lastDayAnimId": "dayanim1135",
    },
    {
      "dayAnimId": "dayanim1137",
      "dayNumber": "110",
      "duration": 78.94736842105263,
      "freeze": true,
      "lastDayAnimId": "dayanim1136",
    },
  ],
  "graphConfig": {
    "lastPostTime": 1702817520000,
    "postDelayLookup": {
      "1696831740000": 9.9,
      "1696836600000": 13.5,
      "1696935434000": 17.4,
      "1697097120000": 21.9,
      "1697184720000": 31.2,
      "1697994240000": 34.2,
      "1698819405000": 39.9,
      "1699111108000": 42.9,
      "1699115100000": 45.9,
      "1699453500000": 48.9,
      "1702817520000": 55.2,
    },
    "steps": [
      {
        "dates": [
          "2023-10-07",
          "2023-10-08",
          "2023-10-09",
        ],
        "distance": 7.595607725145737,
        "distanceBefore": 0,
        "duration": 9900,
        "durationBefore": 0,
        "killedCounts": [
          198,
          256,
          436,
        ],
        "markerPoint": [
          8.394913008517243,
          230.14535135397847,
        ],
        "markerTooltip": "October 9th 2023",
        "postTime": 1696831740000,
      },
      {
        "dates": [],
        "distance": 0.20446800456523917,
        "distanceBefore": 7.595607725145737,
        "duration": 3600,
        "durationBefore": 9900,
        "killedCounts": [],
        "markerPoint": [
          8.58423932656515,
          229.99008615812716,
        ],
        "markerTooltip": "October 9th 2023",
        "postTime": 1696836600000,
      },
      {
        "dates": [
          "2023-10-10",
        ],
        "distance": 4.158105095308817,
        "distanceBefore": 7.800075729710976,
        "duration": 3900,
        "durationBefore": 13500,
        "killedCounts": [
          765,
        ],
        "markerPoint": [
          12.503179753490024,
          226.92183860479776,
        ],
        "markerTooltip": "October 10th 2023",
        "postTime": 1696935434000,
      },
      {
        "dates": [
          "2023-10-11",
          "2023-10-12",
        ],
        "distance": 6.8023896679290665,
        "distanceBefore": 11.958180825019792,
        "duration": 4500,
        "durationBefore": 17400,
        "killedCounts": [
          1055,
          1203,
        ],
        "markerPoint": [
          19.309626016728956,
          222.7788518693577,
        ],
        "markerTooltip": "October 12th 2023",
        "postTime": 1697097120000,
      },
      {
        "dates": [
          "2023-10-13",
        ],
        "distance": 3.6854726748796196,
        "distanceBefore": 18.760570492948858,
        "duration": 9300,
        "durationBefore": 21900,
        "killedCounts": [
          1709,
        ],
        "markerPoint": [
          22.05148845043481,
          219.32054596050168,
        ],
        "markerTooltip": "October 13th 2023",
        "postTime": 1697184720000,
      },
      {
        "dates": [
          "2023-10-14",
          "2023-10-15",
          "2023-10-16",
          "2023-10-17",
          "2023-10-18",
          "2023-10-19",
          "2023-10-20",
          "2023-10-21",
          "2023-10-22",
        ],
        "distance": 34.05780639005194,
        "distanceBefore": 22.446043167828478,
        "duration": 3000,
        "durationBefore": 31200,
        "killedCounts": [
          2215,
          2450,
          2808,
          3006,
          3478,
          3785,
          4137,
          4385,
          4651,
        ],
        "markerPoint": [
          53.19961417161233,
          193.68162237821332,
        ],
        "markerTooltip": "October 22nd 2023",
        "postTime": 1697994240000,
      },
      {
        "dates": [
          "2023-10-23",
          "2023-10-24",
          "2023-10-25",
          "2023-10-26",
          "2023-10-27",
          "2023-10-28",
          "2023-10-29",
          "2023-10-30",
          "2023-10-31",
          "2023-11-01",
        ],
        "distance": 34.71601666400732,
        "distanceBefore": 56.503849557880415,
        "duration": 5700,
        "durationBefore": 34200,
        "killedCounts": [
          5087,
          5791,
          6546,
          7028,
          7326,
          7703,
          8005,
          8306,
          8525,
          8805,
        ],
        "markerPoint": [
          79.7511281839831,
          162.5191609378744,
        ],
        "markerTooltip": "November 1st 2023",
        "postTime": 1698819405000,
      },
      {
        "dates": [
          "2023-11-02",
          "2023-11-03",
          "2023-11-04",
        ],
        "distance": 12.272413649319745,
        "distanceBefore": 91.21986622188774,
        "duration": 3000,
        "durationBefore": 39900,
        "killedCounts": [
          9061,
          9257,
          9488,
        ],
        "markerPoint": [
          91.93215320670583,
          154.34435583776076,
        ],
        "markerTooltip": "November 4th 2023",
        "postTime": 1699111108000,
      },
      {
        "dates": [],
        "distance": 0.16794985066346396,
        "distanceBefore": 103.49227987120749,
        "duration": 3000,
        "durationBefore": 42900,
        "killedCounts": [],
        "markerPoint": [
          92.1016948051152,
          154.23616674794104,
        ],
        "markerTooltip": "November 4th 2023",
        "postTime": 1699115100000,
      },
      {
        "dates": [
          "2023-11-05",
          "2023-11-06",
          "2023-11-07",
          "2023-11-08",
        ],
        "distance": 14.237031428987024,
        "distanceBefore": 103.66022972187095,
        "duration": 3000,
        "durationBefore": 45900,
        "killedCounts": [
          9770,
          10000,
          10328,
          10569,
        ],
        "markerPoint": [
          106.70073338577133,
          145.48764190049042,
        ],
        "markerTooltip": "November 8th 2023",
        "postTime": 1699453500000,
      },
      {
        "dates": [
          "2023-11-09",
          "2023-11-10",
          "2023-11-11",
          "2023-11-12",
          "2023-11-13",
          "2023-11-14",
          "2023-11-15",
          "2023-11-16",
          "2023-11-17",
          "2023-11-18",
          "2023-11-19",
          "2023-11-20",
          "2023-11-21",
          "2023-11-22",
          "2023-11-23",
          "2023-11-24",
          "2023-11-25",
          "2023-11-26",
          "2023-11-27",
          "2023-11-28",
          "2023-11-29",
          "2023-11-30",
          "2023-12-01",
          "2023-12-02",
          "2023-12-03",
          "2023-12-04",
          "2023-12-05",
          "2023-12-06",
          "2023-12-07",
          "2023-12-08",
          "2023-12-09",
          "2023-12-10",
          "2023-12-11",
          "2023-12-12",
          "2023-12-13",
          "2023-12-14",
          "2023-12-15",
          "2023-12-16",
          "2023-12-17",
        ],
        "distance": 141.52972360443536,
        "distanceBefore": 117.89726115085797,
        "duration": 6300,
        "durationBefore": 48900,
        "killedCounts": [
          10818,
          11078,
          11129,
          11180,
          11240,
          11320,
          11500,
          12000,
          12000,
          12300,
          13000,
          13300,
          14128,
          14532,
          14854,
          15000,
          15000,
          15000,
          15000,
          15000,
          15000,
          15000,
          15110,
          15207,
          15523,
          15899,
          16248,
          16827,
          17177,
          17487,
          17700,
          17997,
          18205,
          18412,
          18608,
          18787,
          18800,
          19017,
          19235,
        ],
        "markerPoint": [
          245.44921945442053,
          65.08414245784374,
        ],
        "markerTooltip": "December 17th 2023",
        "postTime": 1702817520000,
      },
      {
        "dates": [
          "2023-12-18",
          "2023-12-19",
          "2023-12-20",
          "2023-12-21",
          "2023-12-22",
          "2023-12-23",
          "2023-12-24",
          "2023-12-25",
          "2023-12-26",
          "2023-12-27",
          "2023-12-28",
          "2023-12-29",
          "2023-12-30",
          "2023-12-31",
          "2024-01-01",
          "2024-01-02",
          "2024-01-03",
          "2024-01-04",
          "2024-01-05",
          "2024-01-06",
          "2024-01-07",
          "2024-01-08",
          "2024-01-09",
          "2024-01-10",
          "2024-01-11",
          "2024-01-12",
          "2024-01-13",
          "2024-01-14",
          "2024-01-15",
          "2024-01-16",
          "2024-01-17",
          "2024-01-18",
          "2024-01-19",
          "2024-01-20",
          "2024-01-21",
          "2024-01-22",
          "2024-01-23",
          "2024-01-24",
        ],
        "distance": 140.57301524470665,
        "distanceBefore": 259.42698475529335,
        "duration": 3000,
        "durationBefore": 55200,
        "killedCounts": [
          19453,
          19667,
          19797,
          19927,
          20057,
          20258,
          20424,
          20674,
          20915,
          21110,
          21320,
          21507,
          21672,
          21822,
          21978,
          22185,
          22313,
          22438,
          22600,
          22722,
          22835,
          23084,
          23210,
          23357,
          23469,
          23708,
          23843,
          23968,
          24100,
          24285,
          24448,
          24620,
          24762,
          24927,
          25105,
          25295,
          25490,
          25700,
        ],
        "postTime": 0,
      },
    ],
    "totalDistance": 259.42698475529335,
    "totalDuration": 58200,
  },
  "svgTexts": [
    {
      "count": "198",
      "countAnimId": "countanim00",
      "countDuration": 3300,
      "freeze": false,
      "lastCountAnimId": "",
    },
    {
      "count": "256",
      "countAnimId": "countanim01",
      "countDuration": 3300,
      "freeze": false,
      "lastCountAnimId": "countanim00",
    },
    {
      "count": "436",
      "countAnimId": "countanim02",
      "countDuration": 3300,
      "freeze": false,
      "lastCountAnimId": "countanim01",
    },
    {
      "count": "765",
      "countAnimId": "countanim20",
      "countDuration": 3900,
      "freeze": false,
      "lastCountAnimId": "countanim02",
    },
    {
      "count": "1,055",
      "countAnimId": "countanim30",
      "countDuration": 2250,
      "freeze": false,
      "lastCountAnimId": "countanim20",
    },
    {
      "count": "1,203",
      "countAnimId": "countanim31",
      "countDuration": 2250,
      "freeze": false,
      "lastCountAnimId": "countanim30",
    },
    {
      "count": "1,709",
      "countAnimId": "countanim40",
      "countDuration": 9300,
      "freeze": false,
      "lastCountAnimId": "countanim31",
    },
    {
      "count": "2,215",
      "countAnimId": "countanim50",
      "countDuration": 333.3333333333333,
      "freeze": false,
      "lastCountAnimId": "countanim40",
    },
    {
      "count": "2,450",
      "countAnimId": "countanim51",
      "countDuration": 333.3333333333333,
      "freeze": false,
      "lastCountAnimId": "countanim50",
    },
    {
      "count": "2,808",
      "countAnimId": "countanim52",
      "countDuration": 333.3333333333333,
      "freeze": false,
      "lastCountAnimId": "countanim51",
    },
    {
      "count": "3,006",
      "countAnimId": "countanim53",
      "countDuration": 333.3333333333333,
      "freeze": false,
      "lastCountAnimId": "countanim52",
    },
    {
      "count": "3,478",
      "countAnimId": "countanim54",
      "countDuration": 333.3333333333333,
      "freeze": false,
      "lastCountAnimId": "countanim53",
    },
    {
      "count": "3,785",
      "countAnimId": "countanim55",
      "countDuration": 333.3333333333333,
      "freeze": false,
      "lastCountAnimId": "countanim54",
    },
    {
      "count": "4,137",
      "countAnimId": "countanim56",
      "countDuration": 333.3333333333333,
      "freeze": false,
      "lastCountAnimId": "countanim55",
    },
    {
      "count": "4,385",
      "countAnimId": "countanim57",
      "countDuration": 333.3333333333333,
      "freeze": false,
      "lastCountAnimId": "countanim56",
    },
    {
      "count": "4,651",
      "countAnimId": "countanim58",
      "countDuration": 333.3333333333333,
      "freeze": false,
      "lastCountAnimId": "countanim57",
    },
    {
      "count": "5,087",
      "countAnimId": "countanim60",
      "countDuration": 570,
      "freeze": false,
      "lastCountAnimId": "countanim58",
    },
    {
      "count": "5,791",
      "countAnimId": "countanim61",
      "countDuration": 570,
      "freeze": false,
      "lastCountAnimId": "countanim60",
    },
    {
      "count": "6,546",
      "countAnimId": "countanim62",
      "countDuration": 570,
      "freeze": false,
      "lastCountAnimId": "countanim61",
    },
    {
      "count": "7,028",
      "countAnimId": "countanim63",
      "countDuration": 570,
      "freeze": false,
      "lastCountAnimId": "countanim62",
    },
    {
      "count": "7,326",
      "countAnimId": "countanim64",
      "countDuration": 570,
      "freeze": false,
      "lastCountAnimId": "countanim63",
    },
    {
      "count": "7,703",
      "countAnimId": "countanim65",
      "countDuration": 570,
      "freeze": false,
      "lastCountAnimId": "countanim64",
    },
    {
      "count": "8,005",
      "countAnimId": "countanim66",
      "countDuration": 570,
      "freeze": false,
      "lastCountAnimId": "countanim65",
    },
    {
      "count": "8,306",
      "countAnimId": "countanim67",
      "countDuration": 570,
      "freeze": false,
      "lastCountAnimId": "countanim66",
    },
    {
      "count": "8,525",
      "countAnimId": "countanim68",
      "countDuration": 570,
      "freeze": false,
      "lastCountAnimId": "countanim67",
    },
    {
      "count": "8,805",
      "countAnimId": "countanim69",
      "countDuration": 570,
      "freeze": false,
      "lastCountAnimId": "countanim68",
    },
    {
      "count": "9,061",
      "countAnimId": "countanim70",
      "countDuration": 1000,
      "freeze": false,
      "lastCountAnimId": "countanim69",
    },
    {
      "count": "9,257",
      "countAnimId": "countanim71",
      "countDuration": 1000,
      "freeze": false,
      "lastCountAnimId": "countanim70",
    },
    {
      "count": "9,488",
      "countAnimId": "countanim72",
      "countDuration": 1000,
      "freeze": false,
      "lastCountAnimId": "countanim71",
    },
    {
      "count": "9,770",
      "countAnimId": "countanim90",
      "countDuration": 750,
      "freeze": false,
      "lastCountAnimId": "countanim72",
    },
    {
      "count": "10,000",
      "countAnimId": "countanim91",
      "countDuration": 750,
      "freeze": false,
      "lastCountAnimId": "countanim90",
    },
    {
      "count": "10,328",
      "countAnimId": "countanim92",
      "countDuration": 750,
      "freeze": false,
      "lastCountAnimId": "countanim91",
    },
    {
      "count": "10,569",
      "countAnimId": "countanim93",
      "countDuration": 750,
      "freeze": false,
      "lastCountAnimId": "countanim92",
    },
    {
      "count": "10,818",
      "countAnimId": "countanim100",
      "countDuration": 161.53846153846155,
      "freeze": false,
      "lastCountAnimId": "countanim93",
    },
    {
      "count": "11,078",
      "countAnimId": "countanim101",
      "countDuration": 161.53846153846155,
      "freeze": false,
      "lastCountAnimId": "countanim100",
    },
    {
      "count": "11,129",
      "countAnimId": "countanim102",
      "countDuration": 161.53846153846155,
      "freeze": false,
      "lastCountAnimId": "countanim101",
    },
    {
      "count": "11,180",
      "countAnimId": "countanim103",
      "countDuration": 161.53846153846155,
      "freeze": false,
      "lastCountAnimId": "countanim102",
    },
    {
      "count": "11,240",
      "countAnimId": "countanim104",
      "countDuration": 161.53846153846155,
      "freeze": false,
      "lastCountAnimId": "countanim103",
    },
    {
      "count": "11,320",
      "countAnimId": "countanim105",
      "countDuration": 161.53846153846155,
      "freeze": false,
      "lastCountAnimId": "countanim104",
    },
    {
      "count": "11,500",
      "countAnimId": "countanim106",
      "countDuration": 161.53846153846155,
      "freeze": false,
      "lastCountAnimId": "countanim105",
    },
    {
      "count": "12,000",
      "countAnimId": "countanim107",
      "countDuration": 161.53846153846155,
      "freeze": false,
      "lastCountAnimId": "countanim106",
    },
    {
      "count": "12,000",
      "countAnimId": "countanim108",
      "countDuration": 161.53846153846155,
      "freeze": false,
      "lastCountAnimId": "countanim107",
    },
    {
      "count": "12,300",
      "countAnimId": "countanim109",
      "countDuration": 161.53846153846155,
      "freeze": false,
      "lastCountAnimId": "countanim108",
    },
    {
      "count": "13,000",
      "countAnimId": "countanim1010",
      "countDuration": 161.53846153846155,
      "freeze": false,
      "lastCountAnimId": "countanim109",
    },
    {
      "count": "13,300",
      "countAnimId": "countanim1011",
      "countDuration": 161.53846153846155,
      "freeze": false,
      "lastCountAnimId": "countanim1010",
    },
    {
      "count": "14,128",
      "countAnimId": "countanim1012",
      "countDuration": 161.53846153846155,
      "freeze": false,
      "lastCountAnimId": "countanim1011",
    },
    {
      "count": "14,532",
      "countAnimId": "countanim1013",
      "countDuration": 161.53846153846155,
      "freeze": false,
      "lastCountAnimId": "countanim1012",
    },
    {
      "count": "14,854",
      "countAnimId": "countanim1014",
      "countDuration": 161.53846153846155,
      "freeze": false,
      "lastCountAnimId": "countanim1013",
    },
    {
      "count": "15,000",
      "countAnimId": "countanim1015",
      "countDuration": 161.53846153846155,
      "freeze": false,
      "lastCountAnimId": "countanim1014",
    },
    {
      "count": "15,000",
      "countAnimId": "countanim1016",
      "countDuration": 161.53846153846155,
      "freeze": false,
      "lastCountAnimId": "countanim1015",
    },
    {
      "count": "15,000",
      "countAnimId": "countanim1017",
      "countDuration": 161.53846153846155,
      "freeze": false,
      "lastCountAnimId": "countanim1016",
    },
    {
      "count": "15,000",
      "countAnimId": "countanim1018",
      "countDuration": 161.53846153846155,
      "freeze": false,
      "lastCountAnimId": "countanim1017",
    },
    {
      "count": "15,000",
      "countAnimId": "countanim1019",
      "countDuration": 161.53846153846155,
      "freeze": false,
      "lastCountAnimId": "countanim1018",
    },
    {
      "count": "15,000",
      "countAnimId": "countanim1020",
      "countDuration": 161.53846153846155,
      "freeze": false,
      "lastCountAnimId": "countanim1019",
    },
    {
      "count": "15,000",
      "countAnimId": "countanim1021",
      "countDuration": 161.53846153846155,
      "freeze": false,
      "lastCountAnimId": "countanim1020",
    },
    {
      "count": "15,110",
      "countAnimId": "countanim1022",
      "countDuration": 161.53846153846155,
      "freeze": false,
      "lastCountAnimId": "countanim1021",
    },
    {
      "count": "15,207",
      "countAnimId": "countanim1023",
      "countDuration": 161.53846153846155,
      "freeze": false,
      "lastCountAnimId": "countanim1022",
    },
    {
      "count": "15,523",
      "countAnimId": "countanim1024",
      "countDuration": 161.53846153846155,
      "freeze": false,
      "lastCountAnimId": "countanim1023",
    },
    {
      "count": "15,899",
      "countAnimId": "countanim1025",
      "countDuration": 161.53846153846155,
      "freeze": false,
      "lastCountAnimId": "countanim1024",
    },
    {
      "count": "16,248",
      "countAnimId": "countanim1026",
      "countDuration": 161.53846153846155,
      "freeze": false,
      "lastCountAnimId": "countanim1025",
    },
    {
      "count": "16,827",
      "countAnimId": "countanim1027",
      "countDuration": 161.53846153846155,
      "freeze": false,
      "lastCountAnimId": "countanim1026",
    },
    {
      "count": "17,177",
      "countAnimId": "countanim1028",
      "countDuration": 161.53846153846155,
      "freeze": false,
      "lastCountAnimId": "countanim1027",
    },
    {
      "count": "17,487",
      "countAnimId": "countanim1029",
      "countDuration": 161.53846153846155,
      "freeze": false,
      "lastCountAnimId": "countanim1028",
    },
    {
      "count": "17,700",
      "countAnimId": "countanim1030",
      "countDuration": 161.53846153846155,
      "freeze": false,
      "lastCountAnimId": "countanim1029",
    },
    {
      "count": "17,997",
      "countAnimId": "countanim1031",
      "countDuration": 161.53846153846155,
      "freeze": false,
      "lastCountAnimId": "countanim1030",
    },
    {
      "count": "18,205",
      "countAnimId": "countanim1032",
      "countDuration": 161.53846153846155,
      "freeze": false,
      "lastCountAnimId": "countanim1031",
    },
    {
      "count": "18,412",
      "countAnimId": "countanim1033",
      "countDuration": 161.53846153846155,
      "freeze": false,
      "lastCountAnimId": "countanim1032",
    },
    {
      "count": "18,608",
      "countAnimId": "countanim1034",
      "countDuration": 161.53846153846155,
      "freeze": false,
      "lastCountAnimId": "countanim1033",
    },
    {
      "count": "18,787",
      "countAnimId": "countanim1035",
      "countDuration": 161.53846153846155,
      "freeze": false,
      "lastCountAnimId": "countanim1034",
    },
    {
      "count": "18,800",
      "countAnimId": "countanim1036",
      "countDuration": 161.53846153846155,
      "freeze": false,
      "lastCountAnimId": "countanim1035",
    },
    {
      "count": "19,017",
      "countAnimId": "countanim1037",
      "countDuration": 161.53846153846155,
      "freeze": false,
      "lastCountAnimId": "countanim1036",
    },
    {
      "count": "19,235",
      "countAnimId": "countanim1038",
      "countDuration": 161.53846153846155,
      "freeze": false,
      "lastCountAnimId": "countanim1037",
    },
    {
      "count": "19,453",
      "countAnimId": "countanim110",
      "countDuration": 78.94736842105263,
      "freeze": false,
      "lastCountAnimId": "countanim1038",
    },
    {
      "count": "19,667",
      "countAnimId": "countanim111",
      "countDuration": 78.94736842105263,
      "freeze": false,
      "lastCountAnimId": "countanim110",
    },
    {
      "count": "19,797",
      "countAnimId": "countanim112",
      "countDuration": 78.94736842105263,
      "freeze": false,
      "lastCountAnimId": "countanim111",
    },
    {
      "count": "19,927",
      "countAnimId": "countanim113",
      "countDuration": 78.94736842105263,
      "freeze": false,
      "lastCountAnimId": "countanim112",
    },
    {
      "count": "20,057",
      "countAnimId": "countanim114",
      "countDuration": 78.94736842105263,
      "freeze": false,
      "lastCountAnimId": "countanim113",
    },
    {
      "count": "20,258",
      "countAnimId": "countanim115",
      "countDuration": 78.94736842105263,
      "freeze": false,
      "lastCountAnimId": "countanim114",
    },
    {
      "count": "20,424",
      "countAnimId": "countanim116",
      "countDuration": 78.94736842105263,
      "freeze": false,
      "lastCountAnimId": "countanim115",
    },
    {
      "count": "20,674",
      "countAnimId": "countanim117",
      "countDuration": 78.94736842105263,
      "freeze": false,
      "lastCountAnimId": "countanim116",
    },
    {
      "count": "20,915",
      "countAnimId": "countanim118",
      "countDuration": 78.94736842105263,
      "freeze": false,
      "lastCountAnimId": "countanim117",
    },
    {
      "count": "21,110",
      "countAnimId": "countanim119",
      "countDuration": 78.94736842105263,
      "freeze": false,
      "lastCountAnimId": "countanim118",
    },
    {
      "count": "21,320",
      "countAnimId": "countanim1110",
      "countDuration": 78.94736842105263,
      "freeze": false,
      "lastCountAnimId": "countanim119",
    },
    {
      "count": "21,507",
      "countAnimId": "countanim1111",
      "countDuration": 78.94736842105263,
      "freeze": false,
      "lastCountAnimId": "countanim1110",
    },
    {
      "count": "21,672",
      "countAnimId": "countanim1112",
      "countDuration": 78.94736842105263,
      "freeze": false,
      "lastCountAnimId": "countanim1111",
    },
    {
      "count": "21,822",
      "countAnimId": "countanim1113",
      "countDuration": 78.94736842105263,
      "freeze": false,
      "lastCountAnimId": "countanim1112",
    },
    {
      "count": "21,978",
      "countAnimId": "countanim1114",
      "countDuration": 78.94736842105263,
      "freeze": false,
      "lastCountAnimId": "countanim1113",
    },
    {
      "count": "22,185",
      "countAnimId": "countanim1115",
      "countDuration": 78.94736842105263,
      "freeze": false,
      "lastCountAnimId": "countanim1114",
    },
    {
      "count": "22,313",
      "countAnimId": "countanim1116",
      "countDuration": 78.94736842105263,
      "freeze": false,
      "lastCountAnimId": "countanim1115",
    },
    {
      "count": "22,438",
      "countAnimId": "countanim1117",
      "countDuration": 78.94736842105263,
      "freeze": false,
      "lastCountAnimId": "countanim1116",
    },
    {
      "count": "22,600",
      "countAnimId": "countanim1118",
      "countDuration": 78.94736842105263,
      "freeze": false,
      "lastCountAnimId": "countanim1117",
    },
    {
      "count": "22,722",
      "countAnimId": "countanim1119",
      "countDuration": 78.94736842105263,
      "freeze": false,
      "lastCountAnimId": "countanim1118",
    },
    {
      "count": "22,835",
      "countAnimId": "countanim1120",
      "countDuration": 78.94736842105263,
      "freeze": false,
      "lastCountAnimId": "countanim1119",
    },
    {
      "count": "23,084",
      "countAnimId": "countanim1121",
      "countDuration": 78.94736842105263,
      "freeze": false,
      "lastCountAnimId": "countanim1120",
    },
    {
      "count": "23,210",
      "countAnimId": "countanim1122",
      "countDuration": 78.94736842105263,
      "freeze": false,
      "lastCountAnimId": "countanim1121",
    },
    {
      "count": "23,357",
      "countAnimId": "countanim1123",
      "countDuration": 78.94736842105263,
      "freeze": false,
      "lastCountAnimId": "countanim1122",
    },
    {
      "count": "23,469",
      "countAnimId": "countanim1124",
      "countDuration": 78.94736842105263,
      "freeze": false,
      "lastCountAnimId": "countanim1123",
    },
    {
      "count": "23,708",
      "countAnimId": "countanim1125",
      "countDuration": 78.94736842105263,
      "freeze": false,
      "lastCountAnimId": "countanim1124",
    },
    {
      "count": "23,843",
      "countAnimId": "countanim1126",
      "countDuration": 78.94736842105263,
      "freeze": false,
      "lastCountAnimId": "countanim1125",
    },
    {
      "count": "23,968",
      "countAnimId": "countanim1127",
      "countDuration": 78.94736842105263,
      "freeze": false,
      "lastCountAnimId": "countanim1126",
    },
    {
      "count": "24,100",
      "countAnimId": "countanim1128",
      "countDuration": 78.94736842105263,
      "freeze": false,
      "lastCountAnimId": "countanim1127",
    },
    {
      "count": "24,285",
      "countAnimId": "countanim1129",
      "countDuration": 78.94736842105263,
      "freeze": false,
      "lastCountAnimId": "countanim1128",
    },
    {
      "count": "24,448",
      "countAnimId": "countanim1130",
      "countDuration": 78.94736842105263,
      "freeze": false,
      "lastCountAnimId": "countanim1129",
    },
    {
      "count": "24,620",
      "countAnimId": "countanim1131",
      "countDuration": 78.94736842105263,
      "freeze": false,
      "lastCountAnimId": "countanim1130",
    },
    {
      "count": "24,762",
      "countAnimId": "countanim1132",
      "countDuration": 78.94736842105263,
      "freeze": false,
      "lastCountAnimId": "countanim1131",
    },
    {
      "count": "24,927",
      "countAnimId": "countanim1133",
      "countDuration": 78.94736842105263,
      "freeze": false,
      "lastCountAnimId": "countanim1132",
    },
    {
      "count": "25,105",
      "countAnimId": "countanim1134",
      "countDuration": 78.94736842105263,
      "freeze": false,
      "lastCountAnimId": "countanim1133",
    },
    {
      "count": "25,295",
      "countAnimId": "countanim1135",
      "countDuration": 78.94736842105263,
      "freeze": false,
      "lastCountAnimId": "countanim1134",
    },
    {
      "count": "25,490",
      "countAnimId": "countanim1136",
      "countDuration": 78.94736842105263,
      "freeze": false,
      "lastCountAnimId": "countanim1135",
    },
    {
      "count": "25,700",
      "countAnimId": "countanim1137",
      "countDuration": 78.94736842105263,
      "freeze": true,
      "lastCountAnimId": "countanim1136",
    },
  ],
}
`;
