// Vitest Snapshot v1, https://vitest.dev/guide/snapshot.html

exports[`timeline datamodel integration 1`] = `
{
  "clipPathTimes": "0;0.17444717444717445;0.18673218673218672;0.2457002457002457;0.257985257985258;0.32186732186732187;0.33415233415233414;0.40786240786240785;0.4201474201474201;0.5724815724815725;0.5847665847665847;0.6240786240786241;0.6363636363636364;0.7297297297297297;0.742014742014742;0.7764127764127764;0.7886977886977887;0.7985257985257985;0.8108108108108109;0.85995085995086;0.8722358722358723;0.9754299754299754;0.9877149877149877;1",
  "clipPathValues": "7.265483521194563;7.265483521194563;7.461064832333399;7.461064832333399;11.438448228443644;11.438448228443644;17.9451889430103;17.9451889430103;21.47048171168563;21.47048171168563;54.04805022878668;54.04805022878668;87.25522154686861;87.25522154686861;98.99424525121678;98.99424525121678;99.15489557921396;99.15489557921396;112.77314983628851;112.77314983628851;248.1516359056855;248.1516359056855;400;400",
  "dayTexts": [
    {
      "dayAnimId": "dayanim00",
      "dayNumber": "001",
      "duration": 166.66666666666666,
      "freeze": false,
      "lastDayAnimId": "",
    },
    {
      "dayAnimId": "dayanim01",
      "dayNumber": "002",
      "duration": 166.66666666666666,
      "freeze": false,
      "lastDayAnimId": "dayanim00",
    },
    {
      "dayAnimId": "dayanim02",
      "dayNumber": "003",
      "duration": 166.66666666666666,
      "freeze": false,
      "lastDayAnimId": "dayanim01",
    },
    {
      "dayAnimId": "dayanim0hold",
      "dayNumber": "003",
      "duration": 6600,
      "freeze": false,
      "lastDayAnimId": "dayanim02",
      "noOpacity": true,
    },
    {
      "dayAnimId": "dayanim1hold",
      "dayNumber": "003",
      "duration": 2900,
      "freeze": false,
      "lastDayAnimId": "dayanim0hold",
      "noOpacity": true,
    },
    {
      "dayAnimId": "dayanim20",
      "dayNumber": "004",
      "duration": 500,
      "freeze": false,
      "lastDayAnimId": "dayanim1hold",
    },
    {
      "dayAnimId": "dayanim2hold",
      "dayNumber": "004",
      "duration": 2600,
      "freeze": false,
      "lastDayAnimId": "dayanim20",
      "noOpacity": true,
    },
    {
      "dayAnimId": "dayanim30",
      "dayNumber": "005",
      "duration": 250,
      "freeze": false,
      "lastDayAnimId": "dayanim2hold",
    },
    {
      "dayAnimId": "dayanim31",
      "dayNumber": "006",
      "duration": 250,
      "freeze": false,
      "lastDayAnimId": "dayanim30",
    },
    {
      "dayAnimId": "dayanim3hold",
      "dayNumber": "006",
      "duration": 3000,
      "freeze": false,
      "lastDayAnimId": "dayanim31",
      "noOpacity": true,
    },
    {
      "dayAnimId": "dayanim40",
      "dayNumber": "007",
      "duration": 500,
      "freeze": false,
      "lastDayAnimId": "dayanim3hold",
    },
    {
      "dayAnimId": "dayanim4hold",
      "dayNumber": "007",
      "duration": 6200,
      "freeze": false,
      "lastDayAnimId": "dayanim40",
      "noOpacity": true,
    },
    {
      "dayAnimId": "dayanim50",
      "dayNumber": "008",
      "duration": 55.55555555555556,
      "freeze": false,
      "lastDayAnimId": "dayanim4hold",
    },
    {
      "dayAnimId": "dayanim51",
      "dayNumber": "009",
      "duration": 55.55555555555556,
      "freeze": false,
      "lastDayAnimId": "dayanim50",
    },
    {
      "dayAnimId": "dayanim52",
      "dayNumber": "010",
      "duration": 55.55555555555556,
      "freeze": false,
      "lastDayAnimId": "dayanim51",
    },
    {
      "dayAnimId": "dayanim53",
      "dayNumber": "011",
      "duration": 55.55555555555556,
      "freeze": false,
      "lastDayAnimId": "dayanim52",
    },
    {
      "dayAnimId": "dayanim54",
      "dayNumber": "012",
      "duration": 55.55555555555556,
      "freeze": false,
      "lastDayAnimId": "dayanim53",
    },
    {
      "dayAnimId": "dayanim55",
      "dayNumber": "013",
      "duration": 55.55555555555556,
      "freeze": false,
      "lastDayAnimId": "dayanim54",
    },
    {
      "dayAnimId": "dayanim56",
      "dayNumber": "014",
      "duration": 55.55555555555556,
      "freeze": false,
      "lastDayAnimId": "dayanim55",
    },
    {
      "dayAnimId": "dayanim57",
      "dayNumber": "015",
      "duration": 55.55555555555556,
      "freeze": false,
      "lastDayAnimId": "dayanim56",
    },
    {
      "dayAnimId": "dayanim58",
      "dayNumber": "016",
      "duration": 55.55555555555556,
      "freeze": false,
      "lastDayAnimId": "dayanim57",
    },
    {
      "dayAnimId": "dayanim5hold",
      "dayNumber": "016",
      "duration": 1600,
      "freeze": false,
      "lastDayAnimId": "dayanim58",
      "noOpacity": true,
    },
    {
      "dayAnimId": "dayanim60",
      "dayNumber": "017",
      "duration": 50,
      "freeze": false,
      "lastDayAnimId": "dayanim5hold",
    },
    {
      "dayAnimId": "dayanim61",
      "dayNumber": "018",
      "duration": 50,
      "freeze": false,
      "lastDayAnimId": "dayanim60",
    },
    {
      "dayAnimId": "dayanim62",
      "dayNumber": "019",
      "duration": 50,
      "freeze": false,
      "lastDayAnimId": "dayanim61",
    },
    {
      "dayAnimId": "dayanim63",
      "dayNumber": "020",
      "duration": 50,
      "freeze": false,
      "lastDayAnimId": "dayanim62",
    },
    {
      "dayAnimId": "dayanim64",
      "dayNumber": "021",
      "duration": 50,
      "freeze": false,
      "lastDayAnimId": "dayanim63",
    },
    {
      "dayAnimId": "dayanim65",
      "dayNumber": "022",
      "duration": 50,
      "freeze": false,
      "lastDayAnimId": "dayanim64",
    },
    {
      "dayAnimId": "dayanim66",
      "dayNumber": "023",
      "duration": 50,
      "freeze": false,
      "lastDayAnimId": "dayanim65",
    },
    {
      "dayAnimId": "dayanim67",
      "dayNumber": "024",
      "duration": 50,
      "freeze": false,
      "lastDayAnimId": "dayanim66",
    },
    {
      "dayAnimId": "dayanim68",
      "dayNumber": "025",
      "duration": 50,
      "freeze": false,
      "lastDayAnimId": "dayanim67",
    },
    {
      "dayAnimId": "dayanim69",
      "dayNumber": "026",
      "duration": 50,
      "freeze": false,
      "lastDayAnimId": "dayanim68",
    },
    {
      "dayAnimId": "dayanim6hold",
      "dayNumber": "026",
      "duration": 3800,
      "freeze": false,
      "lastDayAnimId": "dayanim69",
      "noOpacity": true,
    },
    {
      "dayAnimId": "dayanim70",
      "dayNumber": "027",
      "duration": 166.66666666666666,
      "freeze": false,
      "lastDayAnimId": "dayanim6hold",
    },
    {
      "dayAnimId": "dayanim71",
      "dayNumber": "028",
      "duration": 166.66666666666666,
      "freeze": false,
      "lastDayAnimId": "dayanim70",
    },
    {
      "dayAnimId": "dayanim72",
      "dayNumber": "029",
      "duration": 166.66666666666666,
      "freeze": false,
      "lastDayAnimId": "dayanim71",
    },
    {
      "dayAnimId": "dayanim7hold",
      "dayNumber": "029",
      "duration": 1400,
      "freeze": false,
      "lastDayAnimId": "dayanim72",
      "noOpacity": true,
    },
    {
      "dayAnimId": "dayanim8hold",
      "dayNumber": "029",
      "duration": 900,
      "freeze": false,
      "lastDayAnimId": "dayanim7hold",
      "noOpacity": true,
    },
    {
      "dayAnimId": "dayanim90",
      "dayNumber": "030",
      "duration": 125,
      "freeze": false,
      "lastDayAnimId": "dayanim8hold",
    },
    {
      "dayAnimId": "dayanim91",
      "dayNumber": "031",
      "duration": 125,
      "freeze": false,
      "lastDayAnimId": "dayanim90",
    },
    {
      "dayAnimId": "dayanim92",
      "dayNumber": "032",
      "duration": 125,
      "freeze": false,
      "lastDayAnimId": "dayanim91",
    },
    {
      "dayAnimId": "dayanim93",
      "dayNumber": "033",
      "duration": 125,
      "freeze": false,
      "lastDayAnimId": "dayanim92",
    },
    {
      "dayAnimId": "dayanim9hold",
      "dayNumber": "033",
      "duration": 2000,
      "freeze": false,
      "lastDayAnimId": "dayanim93",
      "noOpacity": true,
    },
    {
      "dayAnimId": "dayanim100",
      "dayNumber": "034",
      "duration": 12.820512820512821,
      "freeze": false,
      "lastDayAnimId": "dayanim9hold",
    },
    {
      "dayAnimId": "dayanim101",
      "dayNumber": "035",
      "duration": 12.820512820512821,
      "freeze": false,
      "lastDayAnimId": "dayanim100",
    },
    {
      "dayAnimId": "dayanim102",
      "dayNumber": "036",
      "duration": 12.820512820512821,
      "freeze": false,
      "lastDayAnimId": "dayanim101",
    },
    {
      "dayAnimId": "dayanim103",
      "dayNumber": "037",
      "duration": 12.820512820512821,
      "freeze": false,
      "lastDayAnimId": "dayanim102",
    },
    {
      "dayAnimId": "dayanim104",
      "dayNumber": "038",
      "duration": 12.820512820512821,
      "freeze": false,
      "lastDayAnimId": "dayanim103",
    },
    {
      "dayAnimId": "dayanim105",
      "dayNumber": "039",
      "duration": 12.820512820512821,
      "freeze": false,
      "lastDayAnimId": "dayanim104",
    },
    {
      "dayAnimId": "dayanim106",
      "dayNumber": "040",
      "duration": 12.820512820512821,
      "freeze": false,
      "lastDayAnimId": "dayanim105",
    },
    {
      "dayAnimId": "dayanim107",
      "dayNumber": "041",
      "duration": 12.820512820512821,
      "freeze": false,
      "lastDayAnimId": "dayanim106",
    },
    {
      "dayAnimId": "dayanim108",
      "dayNumber": "042",
      "duration": 12.820512820512821,
      "freeze": false,
      "lastDayAnimId": "dayanim107",
    },
    {
      "dayAnimId": "dayanim109",
      "dayNumber": "043",
      "duration": 12.820512820512821,
      "freeze": false,
      "lastDayAnimId": "dayanim108",
    },
    {
      "dayAnimId": "dayanim1010",
      "dayNumber": "044",
      "duration": 12.820512820512821,
      "freeze": false,
      "lastDayAnimId": "dayanim109",
    },
    {
      "dayAnimId": "dayanim1011",
      "dayNumber": "045",
      "duration": 12.820512820512821,
      "freeze": false,
      "lastDayAnimId": "dayanim1010",
    },
    {
      "dayAnimId": "dayanim1012",
      "dayNumber": "046",
      "duration": 12.820512820512821,
      "freeze": false,
      "lastDayAnimId": "dayanim1011",
    },
    {
      "dayAnimId": "dayanim1013",
      "dayNumber": "047",
      "duration": 12.820512820512821,
      "freeze": false,
      "lastDayAnimId": "dayanim1012",
    },
    {
      "dayAnimId": "dayanim1014",
      "dayNumber": "048",
      "duration": 12.820512820512821,
      "freeze": false,
      "lastDayAnimId": "dayanim1013",
    },
    {
      "dayAnimId": "dayanim1015",
      "dayNumber": "049",
      "duration": 12.820512820512821,
      "freeze": false,
      "lastDayAnimId": "dayanim1014",
    },
    {
      "dayAnimId": "dayanim1016",
      "dayNumber": "050",
      "duration": 12.820512820512821,
      "freeze": false,
      "lastDayAnimId": "dayanim1015",
    },
    {
      "dayAnimId": "dayanim1017",
      "dayNumber": "051",
      "duration": 12.820512820512821,
      "freeze": false,
      "lastDayAnimId": "dayanim1016",
    },
    {
      "dayAnimId": "dayanim1018",
      "dayNumber": "052",
      "duration": 12.820512820512821,
      "freeze": false,
      "lastDayAnimId": "dayanim1017",
    },
    {
      "dayAnimId": "dayanim1019",
      "dayNumber": "053",
      "duration": 12.820512820512821,
      "freeze": false,
      "lastDayAnimId": "dayanim1018",
    },
    {
      "dayAnimId": "dayanim1020",
      "dayNumber": "054",
      "duration": 12.820512820512821,
      "freeze": false,
      "lastDayAnimId": "dayanim1019",
    },
    {
      "dayAnimId": "dayanim1021",
      "dayNumber": "055",
      "duration": 12.820512820512821,
      "freeze": false,
      "lastDayAnimId": "dayanim1020",
    },
    {
      "dayAnimId": "dayanim1022",
      "dayNumber": "056",
      "duration": 12.820512820512821,
      "freeze": false,
      "lastDayAnimId": "dayanim1021",
    },
    {
      "dayAnimId": "dayanim1023",
      "dayNumber": "057",
      "duration": 12.820512820512821,
      "freeze": false,
      "lastDayAnimId": "dayanim1022",
    },
    {
      "dayAnimId": "dayanim1024",
      "dayNumber": "058",
      "duration": 12.820512820512821,
      "freeze": false,
      "lastDayAnimId": "dayanim1023",
    },
    {
      "dayAnimId": "dayanim1025",
      "dayNumber": "059",
      "duration": 12.820512820512821,
      "freeze": false,
      "lastDayAnimId": "dayanim1024",
    },
    {
      "dayAnimId": "dayanim1026",
      "dayNumber": "060",
      "duration": 12.820512820512821,
      "freeze": false,
      "lastDayAnimId": "dayanim1025",
    },
    {
      "dayAnimId": "dayanim1027",
      "dayNumber": "061",
      "duration": 12.820512820512821,
      "freeze": false,
      "lastDayAnimId": "dayanim1026",
    },
    {
      "dayAnimId": "dayanim1028",
      "dayNumber": "062",
      "duration": 12.820512820512821,
      "freeze": false,
      "lastDayAnimId": "dayanim1027",
    },
    {
      "dayAnimId": "dayanim1029",
      "dayNumber": "063",
      "duration": 12.820512820512821,
      "freeze": false,
      "lastDayAnimId": "dayanim1028",
    },
    {
      "dayAnimId": "dayanim1030",
      "dayNumber": "064",
      "duration": 12.820512820512821,
      "freeze": false,
      "lastDayAnimId": "dayanim1029",
    },
    {
      "dayAnimId": "dayanim1031",
      "dayNumber": "065",
      "duration": 12.820512820512821,
      "freeze": false,
      "lastDayAnimId": "dayanim1030",
    },
    {
      "dayAnimId": "dayanim1032",
      "dayNumber": "066",
      "duration": 12.820512820512821,
      "freeze": false,
      "lastDayAnimId": "dayanim1031",
    },
    {
      "dayAnimId": "dayanim1033",
      "dayNumber": "067",
      "duration": 12.820512820512821,
      "freeze": false,
      "lastDayAnimId": "dayanim1032",
    },
    {
      "dayAnimId": "dayanim1034",
      "dayNumber": "068",
      "duration": 12.820512820512821,
      "freeze": false,
      "lastDayAnimId": "dayanim1033",
    },
    {
      "dayAnimId": "dayanim1035",
      "dayNumber": "069",
      "duration": 12.820512820512821,
      "freeze": false,
      "lastDayAnimId": "dayanim1034",
    },
    {
      "dayAnimId": "dayanim1036",
      "dayNumber": "070",
      "duration": 12.820512820512821,
      "freeze": false,
      "lastDayAnimId": "dayanim1035",
    },
    {
      "dayAnimId": "dayanim1037",
      "dayNumber": "071",
      "duration": 12.820512820512821,
      "freeze": false,
      "lastDayAnimId": "dayanim1036",
    },
    {
      "dayAnimId": "dayanim1038",
      "dayNumber": "072",
      "duration": 12.820512820512821,
      "freeze": false,
      "lastDayAnimId": "dayanim1037",
    },
    {
      "dayAnimId": "dayanim10hold",
      "dayNumber": "072",
      "duration": 4200,
      "freeze": false,
      "lastDayAnimId": "dayanim1038",
      "noOpacity": true,
    },
    {
      "dayAnimId": "dayanim110",
      "dayNumber": "073",
      "duration": 35.714285714285715,
      "freeze": false,
      "lastDayAnimId": "dayanim10hold",
    },
    {
      "dayAnimId": "dayanim111",
      "dayNumber": "074",
      "duration": 35.714285714285715,
      "freeze": false,
      "lastDayAnimId": "dayanim110",
    },
    {
      "dayAnimId": "dayanim112",
      "dayNumber": "075",
      "duration": 35.714285714285715,
      "freeze": false,
      "lastDayAnimId": "dayanim111",
    },
    {
      "dayAnimId": "dayanim113",
      "dayNumber": "076",
      "duration": 35.714285714285715,
      "freeze": false,
      "lastDayAnimId": "dayanim112",
    },
    {
      "dayAnimId": "dayanim114",
      "dayNumber": "077",
      "duration": 35.714285714285715,
      "freeze": false,
      "lastDayAnimId": "dayanim113",
    },
    {
      "dayAnimId": "dayanim115",
      "dayNumber": "078",
      "duration": 35.714285714285715,
      "freeze": false,
      "lastDayAnimId": "dayanim114",
    },
    {
      "dayAnimId": "dayanim116",
      "dayNumber": "079",
      "duration": 35.714285714285715,
      "freeze": false,
      "lastDayAnimId": "dayanim115",
    },
    {
      "dayAnimId": "dayanim117",
      "dayNumber": "080",
      "duration": 35.714285714285715,
      "freeze": false,
      "lastDayAnimId": "dayanim116",
    },
    {
      "dayAnimId": "dayanim118",
      "dayNumber": "081",
      "duration": 35.714285714285715,
      "freeze": false,
      "lastDayAnimId": "dayanim117",
    },
    {
      "dayAnimId": "dayanim119",
      "dayNumber": "082",
      "duration": 35.714285714285715,
      "freeze": false,
      "lastDayAnimId": "dayanim118",
    },
    {
      "dayAnimId": "dayanim1110",
      "dayNumber": "083",
      "duration": 35.714285714285715,
      "freeze": false,
      "lastDayAnimId": "dayanim119",
    },
    {
      "dayAnimId": "dayanim1111",
      "dayNumber": "084",
      "duration": 35.714285714285715,
      "freeze": false,
      "lastDayAnimId": "dayanim1110",
    },
    {
      "dayAnimId": "dayanim1112",
      "dayNumber": "085",
      "duration": 35.714285714285715,
      "freeze": false,
      "lastDayAnimId": "dayanim1111",
    },
    {
      "dayAnimId": "dayanim1113",
      "dayNumber": "086",
      "duration": 35.714285714285715,
      "freeze": true,
      "lastDayAnimId": "dayanim1112",
    },
    {
      "dayAnimId": "dayanim11hold",
      "dayNumber": "086",
      "duration": 0,
      "freeze": true,
      "lastDayAnimId": "dayanim1113",
      "noOpacity": true,
    },
  ],
  "expectedDuration": 40700,
  "graphConfig": {
    "lastPostTime": 1702817520000,
    "steps": [
      {
        "dates": [
          "2023-10-07",
          "2023-10-08",
          "2023-10-09",
        ],
        "distance": 7.265483521194563,
        "distanceBefore": 0,
        "killedCounts": [
          198,
          256,
          436,
        ],
        "markerPoint": [
          8.02081070783249,
          230.32111889351592,
        ],
        "markerTooltip": "October 9th 2023",
        "postTime": 1696831740000,
        "stepDurations": [
          500,
          6600,
        ],
      },
      {
        "dates": [],
        "distance": 0.1955813111388367,
        "distanceBefore": 7.265483521194563,
        "killedCounts": [],
        "markerPoint": [
          8.201248972743082,
          230.17180141202113,
        ],
        "markerTooltip": "October 9th 2023",
        "postTime": 1696836600000,
        "stepDurations": [
          500,
          2400,
        ],
      },
      {
        "dates": [
          "2023-10-10",
        ],
        "distance": 3.9773833961102443,
        "distanceBefore": 7.461064832333399,
        "killedCounts": [
          765,
        ],
        "markerPoint": [
          11.936285096730685,
          227.21964873848097,
        ],
        "markerTooltip": "October 10th 2023",
        "postTime": 1696935434000,
        "stepDurations": [
          500,
          2600,
        ],
      },
      {
        "dates": [
          "2023-10-11",
          "2023-10-12",
        ],
        "distance": 6.506740714566657,
        "distanceBefore": 11.438448228443644,
        "killedCounts": [
          1055,
          1203,
        ],
        "markerPoint": [
          18.43804653833968,
          223.24053780270765,
        ],
        "markerTooltip": "October 12th 2023",
        "postTime": 1697097120000,
        "stepDurations": [
          500,
          3000,
        ],
      },
      {
        "dates": [
          "2023-10-13",
        ],
        "distance": 3.525292768675328,
        "distanceBefore": 17.9451889430103,
        "killedCounts": [
          1709,
        ],
        "markerPoint": [
          21.04619899170109,
          219.92106124314708,
        ],
        "markerTooltip": "October 13th 2023",
        "postTime": 1697184720000,
        "stepDurations": [
          500,
          6200,
        ],
      },
      {
        "dates": [
          "2023-10-14",
          "2023-10-15",
          "2023-10-16",
          "2023-10-17",
          "2023-10-18",
          "2023-10-19",
          "2023-10-20",
          "2023-10-21",
          "2023-10-22",
        ],
        "distance": 32.57756851710105,
        "distanceBefore": 21.47048171168563,
        "killedCounts": [
          2215,
          2450,
          2808,
          3006,
          3478,
          3785,
          4137,
          4385,
          4651,
        ],
        "markerPoint": [
          50.708178983296904,
          195.24142581204012,
        ],
        "markerTooltip": "October 22nd 2023",
        "postTime": 1697994240000,
        "stepDurations": [
          500,
          1600,
        ],
      },
      {
        "dates": [
          "2023-10-23",
          "2023-10-24",
          "2023-10-25",
          "2023-10-26",
          "2023-10-27",
          "2023-10-28",
          "2023-10-29",
          "2023-10-30",
          "2023-10-31",
          "2023-11-01",
        ],
        "distance": 33.20717131808193,
        "distanceBefore": 54.04805022878668,
        "killedCounts": [
          5087,
          5791,
          6546,
          7028,
          7326,
          7703,
          8005,
          8306,
          8525,
          8805,
        ],
        "markerPoint": [
          75.94966045375378,
          165.300391058581,
        ],
        "markerTooltip": "November 1st 2023",
        "postTime": 1698819405000,
        "stepDurations": [
          500,
          3800,
        ],
      },
      {
        "dates": [
          "2023-11-02",
          "2023-11-03",
          "2023-11-04",
        ],
        "distance": 11.739023704348165,
        "distanceBefore": 87.25522154686861,
        "killedCounts": [
          9061,
          9257,
          9488,
        ],
        "markerPoint": [
          87.55456264293207,
          157.41296591929697,
        ],
        "markerTooltip": "November 4th 2023",
        "postTime": 1699111108000,
        "stepDurations": [
          500,
          1400,
        ],
      },
      {
        "dates": [],
        "distance": 0.16065032799716794,
        "distanceBefore": 98.99424525121678,
        "killedCounts": [],
        "markerPoint": [
          87.71254644975649,
          157.30322852798625,
        ],
        "markerTooltip": "November 4th 2023",
        "postTime": 1699115100000,
        "stepDurations": [
          500,
          400,
        ],
      },
      {
        "dates": [
          "2023-11-05",
          "2023-11-06",
          "2023-11-07",
          "2023-11-08",
        ],
        "distance": 13.618254257074556,
        "distanceBefore": 99.15489557921396,
        "killedCounts": [
          9770,
          10000,
          10328,
          10569,
        ],
        "markerPoint": [
          101.63469419044512,
          148.86451235354727,
        ],
        "markerTooltip": "November 8th 2023",
        "postTime": 1699453500000,
        "stepDurations": [
          500,
          2000,
        ],
      },
      {
        "dates": [
          "2023-11-09",
          "2023-11-10",
          "2023-11-11",
          "2023-11-12",
          "2023-11-13",
          "2023-11-14",
          "2023-11-15",
          "2023-11-16",
          "2023-11-17",
          "2023-11-18",
          "2023-11-19",
          "2023-11-20",
          "2023-11-21",
          "2023-11-22",
          "2023-11-23",
          "2023-11-24",
          "2023-11-25",
          "2023-11-26",
          "2023-11-27",
          "2023-11-28",
          "2023-11-29",
          "2023-11-30",
          "2023-12-01",
          "2023-12-02",
          "2023-12-03",
          "2023-12-04",
          "2023-12-05",
          "2023-12-06",
          "2023-12-07",
          "2023-12-08",
          "2023-12-09",
          "2023-12-10",
          "2023-12-11",
          "2023-12-12",
          "2023-12-13",
          "2023-12-14",
          "2023-12-15",
          "2023-12-16",
          "2023-12-17",
        ],
        "distance": 135.37848606939698,
        "distanceBefore": 112.77314983628851,
        "killedCounts": [
          10818,
          11078,
          11129,
          11180,
          11240,
          11320,
          11500,
          12000,
          12000,
          12300,
          13000,
          13300,
          14128,
          14532,
          14854,
          15000,
          15000,
          15000,
          15000,
          15000,
          15000,
          15000,
          15110,
          15207,
          15523,
          15899,
          16248,
          16827,
          17177,
          17487,
          17700,
          17997,
          18205,
          18412,
          18608,
          18787,
          18800,
          19017,
          19235,
        ],
        "markerPoint": [
          233.940753364097,
          71.42951814923794,
        ],
        "markerTooltip": "December 17th 2023",
        "postTime": 1702817520000,
        "stepDurations": [
          500,
          4200,
        ],
      },
      {
        "dates": [
          "2023-12-18",
          "2023-12-19",
          "2023-12-20",
          "2023-12-21",
          "2023-12-22",
          "2023-12-23",
          "2023-12-24",
          "2023-12-25",
          "2023-12-26",
          "2023-12-27",
          "2023-12-28",
          "2023-12-29",
          "2023-12-30",
          "2023-12-31",
        ],
        "distance": 151.8483640943145,
        "distanceBefore": 248.1516359056855,
        "killedCounts": [
          19453,
          19667,
          19797,
          19927,
          20057,
          20258,
          20424,
          20674,
          20915,
          21110,
          21320,
          21507,
          21672,
          21822,
        ],
        "postTime": 0,
        "stepDurations": [
          500,
          0,
        ],
      },
    ],
    "totalDistance": 248.1516359056855,
  },
  "postDelayLookup": {
    "0": 40200,
    "1696831740000": 500,
    "1696836600000": 7600,
    "1696935434000": 10500,
    "1697097120000": 13600,
    "1697184720000": 17100,
    "1697994240000": 23800,
    "1698819405000": 25900,
    "1699111108000": 30200,
    "1699115100000": 32100,
    "1699453500000": 33000,
    "1702817520000": 35500,
  },
  "svgTexts": [
    {
      "count": "198",
      "countAnimId": "countanim00",
      "countDuration": 166.66666666666666,
      "freeze": false,
      "lastCountAnimId": "",
    },
    {
      "count": "256",
      "countAnimId": "countanim01",
      "countDuration": 166.66666666666666,
      "freeze": false,
      "lastCountAnimId": "countanim00",
    },
    {
      "count": "436",
      "countAnimId": "countanim02",
      "countDuration": 166.66666666666666,
      "freeze": false,
      "lastCountAnimId": "countanim01",
    },
    {
      "count": "436",
      "countAnimId": "countanim0hold",
      "countDuration": 6600,
      "freeze": false,
      "lastCountAnimId": "countanim02",
      "noOpacity": true,
    },
    {
      "count": "436",
      "countAnimId": "countanim1hold",
      "countDuration": 2900,
      "freeze": false,
      "lastCountAnimId": "countanim0hold",
      "noOpacity": true,
    },
    {
      "count": "765",
      "countAnimId": "countanim20",
      "countDuration": 500,
      "freeze": false,
      "lastCountAnimId": "countanim1hold",
    },
    {
      "count": "765",
      "countAnimId": "countanim2hold",
      "countDuration": 2600,
      "freeze": false,
      "lastCountAnimId": "countanim20",
      "noOpacity": true,
    },
    {
      "count": "1,055",
      "countAnimId": "countanim30",
      "countDuration": 250,
      "freeze": false,
      "lastCountAnimId": "countanim2hold",
    },
    {
      "count": "1,203",
      "countAnimId": "countanim31",
      "countDuration": 250,
      "freeze": false,
      "lastCountAnimId": "countanim30",
    },
    {
      "count": "1,203",
      "countAnimId": "countanim3hold",
      "countDuration": 3000,
      "freeze": false,
      "lastCountAnimId": "countanim31",
      "noOpacity": true,
    },
    {
      "count": "1,709",
      "countAnimId": "countanim40",
      "countDuration": 500,
      "freeze": false,
      "lastCountAnimId": "countanim3hold",
    },
    {
      "count": "1,709",
      "countAnimId": "countanim4hold",
      "countDuration": 6200,
      "freeze": false,
      "lastCountAnimId": "countanim40",
      "noOpacity": true,
    },
    {
      "count": "2,215",
      "countAnimId": "countanim50",
      "countDuration": 55.55555555555556,
      "freeze": false,
      "lastCountAnimId": "countanim4hold",
    },
    {
      "count": "2,450",
      "countAnimId": "countanim51",
      "countDuration": 55.55555555555556,
      "freeze": false,
      "lastCountAnimId": "countanim50",
    },
    {
      "count": "2,808",
      "countAnimId": "countanim52",
      "countDuration": 55.55555555555556,
      "freeze": false,
      "lastCountAnimId": "countanim51",
    },
    {
      "count": "3,006",
      "countAnimId": "countanim53",
      "countDuration": 55.55555555555556,
      "freeze": false,
      "lastCountAnimId": "countanim52",
    },
    {
      "count": "3,478",
      "countAnimId": "countanim54",
      "countDuration": 55.55555555555556,
      "freeze": false,
      "lastCountAnimId": "countanim53",
    },
    {
      "count": "3,785",
      "countAnimId": "countanim55",
      "countDuration": 55.55555555555556,
      "freeze": false,
      "lastCountAnimId": "countanim54",
    },
    {
      "count": "4,137",
      "countAnimId": "countanim56",
      "countDuration": 55.55555555555556,
      "freeze": false,
      "lastCountAnimId": "countanim55",
    },
    {
      "count": "4,385",
      "countAnimId": "countanim57",
      "countDuration": 55.55555555555556,
      "freeze": false,
      "lastCountAnimId": "countanim56",
    },
    {
      "count": "4,651",
      "countAnimId": "countanim58",
      "countDuration": 55.55555555555556,
      "freeze": false,
      "lastCountAnimId": "countanim57",
    },
    {
      "count": "4,651",
      "countAnimId": "countanim5hold",
      "countDuration": 1600,
      "freeze": false,
      "lastCountAnimId": "countanim58",
      "noOpacity": true,
    },
    {
      "count": "5,087",
      "countAnimId": "countanim60",
      "countDuration": 50,
      "freeze": false,
      "lastCountAnimId": "countanim5hold",
    },
    {
      "count": "5,791",
      "countAnimId": "countanim61",
      "countDuration": 50,
      "freeze": false,
      "lastCountAnimId": "countanim60",
    },
    {
      "count": "6,546",
      "countAnimId": "countanim62",
      "countDuration": 50,
      "freeze": false,
      "lastCountAnimId": "countanim61",
    },
    {
      "count": "7,028",
      "countAnimId": "countanim63",
      "countDuration": 50,
      "freeze": false,
      "lastCountAnimId": "countanim62",
    },
    {
      "count": "7,326",
      "countAnimId": "countanim64",
      "countDuration": 50,
      "freeze": false,
      "lastCountAnimId": "countanim63",
    },
    {
      "count": "7,703",
      "countAnimId": "countanim65",
      "countDuration": 50,
      "freeze": false,
      "lastCountAnimId": "countanim64",
    },
    {
      "count": "8,005",
      "countAnimId": "countanim66",
      "countDuration": 50,
      "freeze": false,
      "lastCountAnimId": "countanim65",
    },
    {
      "count": "8,306",
      "countAnimId": "countanim67",
      "countDuration": 50,
      "freeze": false,
      "lastCountAnimId": "countanim66",
    },
    {
      "count": "8,525",
      "countAnimId": "countanim68",
      "countDuration": 50,
      "freeze": false,
      "lastCountAnimId": "countanim67",
    },
    {
      "count": "8,805",
      "countAnimId": "countanim69",
      "countDuration": 50,
      "freeze": false,
      "lastCountAnimId": "countanim68",
    },
    {
      "count": "8,805",
      "countAnimId": "countanim6hold",
      "countDuration": 3800,
      "freeze": false,
      "lastCountAnimId": "countanim69",
      "noOpacity": true,
    },
    {
      "count": "9,061",
      "countAnimId": "countanim70",
      "countDuration": 166.66666666666666,
      "freeze": false,
      "lastCountAnimId": "countanim6hold",
    },
    {
      "count": "9,257",
      "countAnimId": "countanim71",
      "countDuration": 166.66666666666666,
      "freeze": false,
      "lastCountAnimId": "countanim70",
    },
    {
      "count": "9,488",
      "countAnimId": "countanim72",
      "countDuration": 166.66666666666666,
      "freeze": false,
      "lastCountAnimId": "countanim71",
    },
    {
      "count": "9,488",
      "countAnimId": "countanim7hold",
      "countDuration": 1400,
      "freeze": false,
      "lastCountAnimId": "countanim72",
      "noOpacity": true,
    },
    {
      "count": "9,488",
      "countAnimId": "countanim8hold",
      "countDuration": 900,
      "freeze": false,
      "lastCountAnimId": "countanim7hold",
      "noOpacity": true,
    },
    {
      "count": "9,770",
      "countAnimId": "countanim90",
      "countDuration": 125,
      "freeze": false,
      "lastCountAnimId": "countanim8hold",
    },
    {
      "count": "10,000",
      "countAnimId": "countanim91",
      "countDuration": 125,
      "freeze": false,
      "lastCountAnimId": "countanim90",
    },
    {
      "count": "10,328",
      "countAnimId": "countanim92",
      "countDuration": 125,
      "freeze": false,
      "lastCountAnimId": "countanim91",
    },
    {
      "count": "10,569",
      "countAnimId": "countanim93",
      "countDuration": 125,
      "freeze": false,
      "lastCountAnimId": "countanim92",
    },
    {
      "count": "10,569",
      "countAnimId": "countanim9hold",
      "countDuration": 2000,
      "freeze": false,
      "lastCountAnimId": "countanim93",
      "noOpacity": true,
    },
    {
      "count": "10,818",
      "countAnimId": "countanim100",
      "countDuration": 12.820512820512821,
      "freeze": false,
      "lastCountAnimId": "countanim9hold",
    },
    {
      "count": "11,078",
      "countAnimId": "countanim101",
      "countDuration": 12.820512820512821,
      "freeze": false,
      "lastCountAnimId": "countanim100",
    },
    {
      "count": "11,129",
      "countAnimId": "countanim102",
      "countDuration": 12.820512820512821,
      "freeze": false,
      "lastCountAnimId": "countanim101",
    },
    {
      "count": "11,180",
      "countAnimId": "countanim103",
      "countDuration": 12.820512820512821,
      "freeze": false,
      "lastCountAnimId": "countanim102",
    },
    {
      "count": "11,240",
      "countAnimId": "countanim104",
      "countDuration": 12.820512820512821,
      "freeze": false,
      "lastCountAnimId": "countanim103",
    },
    {
      "count": "11,320",
      "countAnimId": "countanim105",
      "countDuration": 12.820512820512821,
      "freeze": false,
      "lastCountAnimId": "countanim104",
    },
    {
      "count": "11,500",
      "countAnimId": "countanim106",
      "countDuration": 12.820512820512821,
      "freeze": false,
      "lastCountAnimId": "countanim105",
    },
    {
      "count": "12,000",
      "countAnimId": "countanim107",
      "countDuration": 12.820512820512821,
      "freeze": false,
      "lastCountAnimId": "countanim106",
    },
    {
      "count": "12,000",
      "countAnimId": "countanim108",
      "countDuration": 12.820512820512821,
      "freeze": false,
      "lastCountAnimId": "countanim107",
    },
    {
      "count": "12,300",
      "countAnimId": "countanim109",
      "countDuration": 12.820512820512821,
      "freeze": false,
      "lastCountAnimId": "countanim108",
    },
    {
      "count": "13,000",
      "countAnimId": "countanim1010",
      "countDuration": 12.820512820512821,
      "freeze": false,
      "lastCountAnimId": "countanim109",
    },
    {
      "count": "13,300",
      "countAnimId": "countanim1011",
      "countDuration": 12.820512820512821,
      "freeze": false,
      "lastCountAnimId": "countanim1010",
    },
    {
      "count": "14,128",
      "countAnimId": "countanim1012",
      "countDuration": 12.820512820512821,
      "freeze": false,
      "lastCountAnimId": "countanim1011",
    },
    {
      "count": "14,532",
      "countAnimId": "countanim1013",
      "countDuration": 12.820512820512821,
      "freeze": false,
      "lastCountAnimId": "countanim1012",
    },
    {
      "count": "14,854",
      "countAnimId": "countanim1014",
      "countDuration": 12.820512820512821,
      "freeze": false,
      "lastCountAnimId": "countanim1013",
    },
    {
      "count": "15,000",
      "countAnimId": "countanim1015",
      "countDuration": 12.820512820512821,
      "freeze": false,
      "lastCountAnimId": "countanim1014",
    },
    {
      "count": "15,000",
      "countAnimId": "countanim1016",
      "countDuration": 12.820512820512821,
      "freeze": false,
      "lastCountAnimId": "countanim1015",
    },
    {
      "count": "15,000",
      "countAnimId": "countanim1017",
      "countDuration": 12.820512820512821,
      "freeze": false,
      "lastCountAnimId": "countanim1016",
    },
    {
      "count": "15,000",
      "countAnimId": "countanim1018",
      "countDuration": 12.820512820512821,
      "freeze": false,
      "lastCountAnimId": "countanim1017",
    },
    {
      "count": "15,000",
      "countAnimId": "countanim1019",
      "countDuration": 12.820512820512821,
      "freeze": false,
      "lastCountAnimId": "countanim1018",
    },
    {
      "count": "15,000",
      "countAnimId": "countanim1020",
      "countDuration": 12.820512820512821,
      "freeze": false,
      "lastCountAnimId": "countanim1019",
    },
    {
      "count": "15,000",
      "countAnimId": "countanim1021",
      "countDuration": 12.820512820512821,
      "freeze": false,
      "lastCountAnimId": "countanim1020",
    },
    {
      "count": "15,110",
      "countAnimId": "countanim1022",
      "countDuration": 12.820512820512821,
      "freeze": false,
      "lastCountAnimId": "countanim1021",
    },
    {
      "count": "15,207",
      "countAnimId": "countanim1023",
      "countDuration": 12.820512820512821,
      "freeze": false,
      "lastCountAnimId": "countanim1022",
    },
    {
      "count": "15,523",
      "countAnimId": "countanim1024",
      "countDuration": 12.820512820512821,
      "freeze": false,
      "lastCountAnimId": "countanim1023",
    },
    {
      "count": "15,899",
      "countAnimId": "countanim1025",
      "countDuration": 12.820512820512821,
      "freeze": false,
      "lastCountAnimId": "countanim1024",
    },
    {
      "count": "16,248",
      "countAnimId": "countanim1026",
      "countDuration": 12.820512820512821,
      "freeze": false,
      "lastCountAnimId": "countanim1025",
    },
    {
      "count": "16,827",
      "countAnimId": "countanim1027",
      "countDuration": 12.820512820512821,
      "freeze": false,
      "lastCountAnimId": "countanim1026",
    },
    {
      "count": "17,177",
      "countAnimId": "countanim1028",
      "countDuration": 12.820512820512821,
      "freeze": false,
      "lastCountAnimId": "countanim1027",
    },
    {
      "count": "17,487",
      "countAnimId": "countanim1029",
      "countDuration": 12.820512820512821,
      "freeze": false,
      "lastCountAnimId": "countanim1028",
    },
    {
      "count": "17,700",
      "countAnimId": "countanim1030",
      "countDuration": 12.820512820512821,
      "freeze": false,
      "lastCountAnimId": "countanim1029",
    },
    {
      "count": "17,997",
      "countAnimId": "countanim1031",
      "countDuration": 12.820512820512821,
      "freeze": false,
      "lastCountAnimId": "countanim1030",
    },
    {
      "count": "18,205",
      "countAnimId": "countanim1032",
      "countDuration": 12.820512820512821,
      "freeze": false,
      "lastCountAnimId": "countanim1031",
    },
    {
      "count": "18,412",
      "countAnimId": "countanim1033",
      "countDuration": 12.820512820512821,
      "freeze": false,
      "lastCountAnimId": "countanim1032",
    },
    {
      "count": "18,608",
      "countAnimId": "countanim1034",
      "countDuration": 12.820512820512821,
      "freeze": false,
      "lastCountAnimId": "countanim1033",
    },
    {
      "count": "18,787",
      "countAnimId": "countanim1035",
      "countDuration": 12.820512820512821,
      "freeze": false,
      "lastCountAnimId": "countanim1034",
    },
    {
      "count": "18,800",
      "countAnimId": "countanim1036",
      "countDuration": 12.820512820512821,
      "freeze": false,
      "lastCountAnimId": "countanim1035",
    },
    {
      "count": "19,017",
      "countAnimId": "countanim1037",
      "countDuration": 12.820512820512821,
      "freeze": false,
      "lastCountAnimId": "countanim1036",
    },
    {
      "count": "19,235",
      "countAnimId": "countanim1038",
      "countDuration": 12.820512820512821,
      "freeze": false,
      "lastCountAnimId": "countanim1037",
    },
    {
      "count": "19,235",
      "countAnimId": "countanim10hold",
      "countDuration": 4200,
      "freeze": false,
      "lastCountAnimId": "countanim1038",
      "noOpacity": true,
    },
    {
      "count": "19,453",
      "countAnimId": "countanim110",
      "countDuration": 35.714285714285715,
      "freeze": false,
      "lastCountAnimId": "countanim10hold",
    },
    {
      "count": "19,667",
      "countAnimId": "countanim111",
      "countDuration": 35.714285714285715,
      "freeze": false,
      "lastCountAnimId": "countanim110",
    },
    {
      "count": "19,797",
      "countAnimId": "countanim112",
      "countDuration": 35.714285714285715,
      "freeze": false,
      "lastCountAnimId": "countanim111",
    },
    {
      "count": "19,927",
      "countAnimId": "countanim113",
      "countDuration": 35.714285714285715,
      "freeze": false,
      "lastCountAnimId": "countanim112",
    },
    {
      "count": "20,057",
      "countAnimId": "countanim114",
      "countDuration": 35.714285714285715,
      "freeze": false,
      "lastCountAnimId": "countanim113",
    },
    {
      "count": "20,258",
      "countAnimId": "countanim115",
      "countDuration": 35.714285714285715,
      "freeze": false,
      "lastCountAnimId": "countanim114",
    },
    {
      "count": "20,424",
      "countAnimId": "countanim116",
      "countDuration": 35.714285714285715,
      "freeze": false,
      "lastCountAnimId": "countanim115",
    },
    {
      "count": "20,674",
      "countAnimId": "countanim117",
      "countDuration": 35.714285714285715,
      "freeze": false,
      "lastCountAnimId": "countanim116",
    },
    {
      "count": "20,915",
      "countAnimId": "countanim118",
      "countDuration": 35.714285714285715,
      "freeze": false,
      "lastCountAnimId": "countanim117",
    },
    {
      "count": "21,110",
      "countAnimId": "countanim119",
      "countDuration": 35.714285714285715,
      "freeze": false,
      "lastCountAnimId": "countanim118",
    },
    {
      "count": "21,320",
      "countAnimId": "countanim1110",
      "countDuration": 35.714285714285715,
      "freeze": false,
      "lastCountAnimId": "countanim119",
    },
    {
      "count": "21,507",
      "countAnimId": "countanim1111",
      "countDuration": 35.714285714285715,
      "freeze": false,
      "lastCountAnimId": "countanim1110",
    },
    {
      "count": "21,672",
      "countAnimId": "countanim1112",
      "countDuration": 35.714285714285715,
      "freeze": false,
      "lastCountAnimId": "countanim1111",
    },
    {
      "count": "21,822",
      "countAnimId": "countanim1113",
      "countDuration": 35.714285714285715,
      "freeze": true,
      "lastCountAnimId": "countanim1112",
    },
    {
      "count": "21,822",
      "countAnimId": "countanim11hold",
      "countDuration": 0,
      "freeze": true,
      "lastCountAnimId": "countanim1113",
      "noOpacity": true,
    },
  ],
}
`;
