// Vitest Snapshot v1, https://vitest.dev/guide/snapshot.html

exports[`timeline datamodel integration 1`] = `
{
  "clipPathTimes": "0;0.19502299161482284;0.20178523126859615;0.3283743575872329;0.3351365972410062;0.47470922369488777;0.4814714633486611;0.5334054638896403;0.5401677035434136;0.7316743305382742;0.7384365701920476;0.7644035704625372;0.7711658101163105;0.8101163105220449;0.8168785501758182;0.8395996754124966;0.8463619150662699;0.8528536651338924;0.8596159047876657;0.8920746551257777;0.898836894779551;0.9864755206924534;0.9932377603462267;1",
  "clipPathValues": "9.714285715592453;9.714285715592453;9.975786926281383;9.975786926281383;15.293731505958267;15.293731505958267;23.9935431832114;23.9935431832114;28.70702179562914;28.70702179562914;72.26472963038266;72.26472963038266;116.66424537485395;116.66424537485395;132.35986012003764;132.35986012003764;132.5746569992702;132.5746569992702;150.78288944724008;150.78288944724008;331.7901533941068;331.7901533941068;400;400",
  "dayTexts": [
    {
      "dayAnimId": "dayanim00",
      "dayNumber": "001",
      "duration": 166.66666666666666,
      "freeze": false,
      "lastDayAnimId": "",
    },
    {
      "dayAnimId": "dayanim01",
      "dayNumber": "002",
      "duration": 166.66666666666666,
      "freeze": false,
      "lastDayAnimId": "dayanim00",
    },
    {
      "dayAnimId": "dayanim02",
      "dayNumber": "003",
      "duration": 166.66666666666666,
      "freeze": false,
      "lastDayAnimId": "dayanim01",
    },
    {
      "dayAnimId": "dayanim0hold",
      "dayNumber": "003",
      "duration": 13920,
      "freeze": false,
      "lastDayAnimId": "dayanim02",
      "noOpacity": true,
    },
    {
      "dayAnimId": "dayanim10hold",
      "dayNumber": "003",
      "duration": 9860,
      "freeze": false,
      "lastDayAnimId": "dayanim0hold",
      "noOpacity": true,
    },
    {
      "dayAnimId": "dayanim200",
      "dayNumber": "004",
      "duration": 500,
      "freeze": false,
      "lastDayAnimId": "dayanim10hold",
    },
    {
      "dayAnimId": "dayanim20hold",
      "dayNumber": "004",
      "duration": 10320,
      "freeze": false,
      "lastDayAnimId": "dayanim200",
      "noOpacity": true,
    },
    {
      "dayAnimId": "dayanim300",
      "dayNumber": "005",
      "duration": 250,
      "freeze": false,
      "lastDayAnimId": "dayanim20hold",
    },
    {
      "dayAnimId": "dayanim301",
      "dayNumber": "006",
      "duration": 250,
      "freeze": false,
      "lastDayAnimId": "dayanim300",
    },
    {
      "dayAnimId": "dayanim30hold",
      "dayNumber": "006",
      "duration": 3840,
      "freeze": false,
      "lastDayAnimId": "dayanim301",
      "noOpacity": true,
    },
    {
      "dayAnimId": "dayanim400",
      "dayNumber": "007",
      "duration": 500,
      "freeze": false,
      "lastDayAnimId": "dayanim30hold",
    },
    {
      "dayAnimId": "dayanim40hold",
      "dayNumber": "007",
      "duration": 14160,
      "freeze": false,
      "lastDayAnimId": "dayanim400",
      "noOpacity": true,
    },
    {
      "dayAnimId": "dayanim500",
      "dayNumber": "008",
      "duration": 55.55555555555556,
      "freeze": false,
      "lastDayAnimId": "dayanim40hold",
    },
    {
      "dayAnimId": "dayanim501",
      "dayNumber": "009",
      "duration": 55.55555555555556,
      "freeze": false,
      "lastDayAnimId": "dayanim500",
    },
    {
      "dayAnimId": "dayanim502",
      "dayNumber": "010",
      "duration": 55.55555555555556,
      "freeze": false,
      "lastDayAnimId": "dayanim501",
    },
    {
      "dayAnimId": "dayanim503",
      "dayNumber": "011",
      "duration": 55.55555555555556,
      "freeze": false,
      "lastDayAnimId": "dayanim502",
    },
    {
      "dayAnimId": "dayanim504",
      "dayNumber": "012",
      "duration": 55.55555555555556,
      "freeze": false,
      "lastDayAnimId": "dayanim503",
    },
    {
      "dayAnimId": "dayanim505",
      "dayNumber": "013",
      "duration": 55.55555555555556,
      "freeze": false,
      "lastDayAnimId": "dayanim504",
    },
    {
      "dayAnimId": "dayanim506",
      "dayNumber": "014",
      "duration": 55.55555555555556,
      "freeze": false,
      "lastDayAnimId": "dayanim505",
    },
    {
      "dayAnimId": "dayanim507",
      "dayNumber": "015",
      "duration": 55.55555555555556,
      "freeze": false,
      "lastDayAnimId": "dayanim506",
    },
    {
      "dayAnimId": "dayanim508",
      "dayNumber": "016",
      "duration": 55.55555555555556,
      "freeze": false,
      "lastDayAnimId": "dayanim507",
    },
    {
      "dayAnimId": "dayanim50hold",
      "dayNumber": "016",
      "duration": 1920,
      "freeze": false,
      "lastDayAnimId": "dayanim508",
      "noOpacity": true,
    },
    {
      "dayAnimId": "dayanim600",
      "dayNumber": "017",
      "duration": 50,
      "freeze": false,
      "lastDayAnimId": "dayanim50hold",
    },
    {
      "dayAnimId": "dayanim601",
      "dayNumber": "018",
      "duration": 50,
      "freeze": false,
      "lastDayAnimId": "dayanim600",
    },
    {
      "dayAnimId": "dayanim602",
      "dayNumber": "019",
      "duration": 50,
      "freeze": false,
      "lastDayAnimId": "dayanim601",
    },
    {
      "dayAnimId": "dayanim603",
      "dayNumber": "020",
      "duration": 50,
      "freeze": false,
      "lastDayAnimId": "dayanim602",
    },
    {
      "dayAnimId": "dayanim604",
      "dayNumber": "021",
      "duration": 50,
      "freeze": false,
      "lastDayAnimId": "dayanim603",
    },
    {
      "dayAnimId": "dayanim605",
      "dayNumber": "022",
      "duration": 50,
      "freeze": false,
      "lastDayAnimId": "dayanim604",
    },
    {
      "dayAnimId": "dayanim606",
      "dayNumber": "023",
      "duration": 50,
      "freeze": false,
      "lastDayAnimId": "dayanim605",
    },
    {
      "dayAnimId": "dayanim607",
      "dayNumber": "024",
      "duration": 50,
      "freeze": false,
      "lastDayAnimId": "dayanim606",
    },
    {
      "dayAnimId": "dayanim608",
      "dayNumber": "025",
      "duration": 50,
      "freeze": false,
      "lastDayAnimId": "dayanim607",
    },
    {
      "dayAnimId": "dayanim609",
      "dayNumber": "026",
      "duration": 50,
      "freeze": false,
      "lastDayAnimId": "dayanim608",
    },
    {
      "dayAnimId": "dayanim60hold",
      "dayNumber": "026",
      "duration": 2880,
      "freeze": false,
      "lastDayAnimId": "dayanim609",
      "noOpacity": true,
    },
    {
      "dayAnimId": "dayanim700",
      "dayNumber": "027",
      "duration": 166.66666666666666,
      "freeze": false,
      "lastDayAnimId": "dayanim60hold",
    },
    {
      "dayAnimId": "dayanim701",
      "dayNumber": "028",
      "duration": 166.66666666666666,
      "freeze": false,
      "lastDayAnimId": "dayanim700",
    },
    {
      "dayAnimId": "dayanim702",
      "dayNumber": "029",
      "duration": 166.66666666666666,
      "freeze": false,
      "lastDayAnimId": "dayanim701",
    },
    {
      "dayAnimId": "dayanim70hold",
      "dayNumber": "029",
      "duration": 1680,
      "freeze": false,
      "lastDayAnimId": "dayanim702",
      "noOpacity": true,
    },
    {
      "dayAnimId": "dayanim80hold",
      "dayNumber": "029",
      "duration": 980,
      "freeze": false,
      "lastDayAnimId": "dayanim70hold",
      "noOpacity": true,
    },
    {
      "dayAnimId": "dayanim900",
      "dayNumber": "030",
      "duration": 125,
      "freeze": false,
      "lastDayAnimId": "dayanim80hold",
    },
    {
      "dayAnimId": "dayanim901",
      "dayNumber": "031",
      "duration": 125,
      "freeze": false,
      "lastDayAnimId": "dayanim900",
    },
    {
      "dayAnimId": "dayanim902",
      "dayNumber": "032",
      "duration": 125,
      "freeze": false,
      "lastDayAnimId": "dayanim901",
    },
    {
      "dayAnimId": "dayanim903",
      "dayNumber": "033",
      "duration": 125,
      "freeze": false,
      "lastDayAnimId": "dayanim902",
    },
    {
      "dayAnimId": "dayanim90hold",
      "dayNumber": "033",
      "duration": 2400,
      "freeze": false,
      "lastDayAnimId": "dayanim903",
      "noOpacity": true,
    },
    {
      "dayAnimId": "dayanim1000",
      "dayNumber": "034",
      "duration": 12.820512820512821,
      "freeze": false,
      "lastDayAnimId": "dayanim90hold",
    },
    {
      "dayAnimId": "dayanim1001",
      "dayNumber": "035",
      "duration": 12.820512820512821,
      "freeze": false,
      "lastDayAnimId": "dayanim1000",
    },
    {
      "dayAnimId": "dayanim1002",
      "dayNumber": "036",
      "duration": 12.820512820512821,
      "freeze": false,
      "lastDayAnimId": "dayanim1001",
    },
    {
      "dayAnimId": "dayanim1003",
      "dayNumber": "037",
      "duration": 12.820512820512821,
      "freeze": false,
      "lastDayAnimId": "dayanim1002",
    },
    {
      "dayAnimId": "dayanim1004",
      "dayNumber": "038",
      "duration": 12.820512820512821,
      "freeze": false,
      "lastDayAnimId": "dayanim1003",
    },
    {
      "dayAnimId": "dayanim1005",
      "dayNumber": "039",
      "duration": 12.820512820512821,
      "freeze": false,
      "lastDayAnimId": "dayanim1004",
    },
    {
      "dayAnimId": "dayanim1006",
      "dayNumber": "040",
      "duration": 12.820512820512821,
      "freeze": false,
      "lastDayAnimId": "dayanim1005",
    },
    {
      "dayAnimId": "dayanim1007",
      "dayNumber": "041",
      "duration": 12.820512820512821,
      "freeze": false,
      "lastDayAnimId": "dayanim1006",
    },
    {
      "dayAnimId": "dayanim1008",
      "dayNumber": "042",
      "duration": 12.820512820512821,
      "freeze": false,
      "lastDayAnimId": "dayanim1007",
    },
    {
      "dayAnimId": "dayanim1009",
      "dayNumber": "043",
      "duration": 12.820512820512821,
      "freeze": false,
      "lastDayAnimId": "dayanim1008",
    },
    {
      "dayAnimId": "dayanim10010",
      "dayNumber": "044",
      "duration": 12.820512820512821,
      "freeze": false,
      "lastDayAnimId": "dayanim1009",
    },
    {
      "dayAnimId": "dayanim10011",
      "dayNumber": "045",
      "duration": 12.820512820512821,
      "freeze": false,
      "lastDayAnimId": "dayanim10010",
    },
    {
      "dayAnimId": "dayanim10012",
      "dayNumber": "046",
      "duration": 12.820512820512821,
      "freeze": false,
      "lastDayAnimId": "dayanim10011",
    },
    {
      "dayAnimId": "dayanim10013",
      "dayNumber": "047",
      "duration": 12.820512820512821,
      "freeze": false,
      "lastDayAnimId": "dayanim10012",
    },
    {
      "dayAnimId": "dayanim10014",
      "dayNumber": "048",
      "duration": 12.820512820512821,
      "freeze": false,
      "lastDayAnimId": "dayanim10013",
    },
    {
      "dayAnimId": "dayanim10015",
      "dayNumber": "049",
      "duration": 12.820512820512821,
      "freeze": false,
      "lastDayAnimId": "dayanim10014",
    },
    {
      "dayAnimId": "dayanim10016",
      "dayNumber": "050",
      "duration": 12.820512820512821,
      "freeze": false,
      "lastDayAnimId": "dayanim10015",
    },
    {
      "dayAnimId": "dayanim10017",
      "dayNumber": "051",
      "duration": 12.820512820512821,
      "freeze": false,
      "lastDayAnimId": "dayanim10016",
    },
    {
      "dayAnimId": "dayanim10018",
      "dayNumber": "052",
      "duration": 12.820512820512821,
      "freeze": false,
      "lastDayAnimId": "dayanim10017",
    },
    {
      "dayAnimId": "dayanim10019",
      "dayNumber": "053",
      "duration": 12.820512820512821,
      "freeze": false,
      "lastDayAnimId": "dayanim10018",
    },
    {
      "dayAnimId": "dayanim10020",
      "dayNumber": "054",
      "duration": 12.820512820512821,
      "freeze": false,
      "lastDayAnimId": "dayanim10019",
    },
    {
      "dayAnimId": "dayanim10021",
      "dayNumber": "055",
      "duration": 12.820512820512821,
      "freeze": false,
      "lastDayAnimId": "dayanim10020",
    },
    {
      "dayAnimId": "dayanim10022",
      "dayNumber": "056",
      "duration": 12.820512820512821,
      "freeze": false,
      "lastDayAnimId": "dayanim10021",
    },
    {
      "dayAnimId": "dayanim10023",
      "dayNumber": "057",
      "duration": 12.820512820512821,
      "freeze": false,
      "lastDayAnimId": "dayanim10022",
    },
    {
      "dayAnimId": "dayanim10024",
      "dayNumber": "058",
      "duration": 12.820512820512821,
      "freeze": false,
      "lastDayAnimId": "dayanim10023",
    },
    {
      "dayAnimId": "dayanim10025",
      "dayNumber": "059",
      "duration": 12.820512820512821,
      "freeze": false,
      "lastDayAnimId": "dayanim10024",
    },
    {
      "dayAnimId": "dayanim10026",
      "dayNumber": "060",
      "duration": 12.820512820512821,
      "freeze": false,
      "lastDayAnimId": "dayanim10025",
    },
    {
      "dayAnimId": "dayanim10027",
      "dayNumber": "061",
      "duration": 12.820512820512821,
      "freeze": false,
      "lastDayAnimId": "dayanim10026",
    },
    {
      "dayAnimId": "dayanim10028",
      "dayNumber": "062",
      "duration": 12.820512820512821,
      "freeze": false,
      "lastDayAnimId": "dayanim10027",
    },
    {
      "dayAnimId": "dayanim10029",
      "dayNumber": "063",
      "duration": 12.820512820512821,
      "freeze": false,
      "lastDayAnimId": "dayanim10028",
    },
    {
      "dayAnimId": "dayanim10030",
      "dayNumber": "064",
      "duration": 12.820512820512821,
      "freeze": false,
      "lastDayAnimId": "dayanim10029",
    },
    {
      "dayAnimId": "dayanim10031",
      "dayNumber": "065",
      "duration": 12.820512820512821,
      "freeze": false,
      "lastDayAnimId": "dayanim10030",
    },
    {
      "dayAnimId": "dayanim10032",
      "dayNumber": "066",
      "duration": 12.820512820512821,
      "freeze": false,
      "lastDayAnimId": "dayanim10031",
    },
    {
      "dayAnimId": "dayanim10033",
      "dayNumber": "067",
      "duration": 12.820512820512821,
      "freeze": false,
      "lastDayAnimId": "dayanim10032",
    },
    {
      "dayAnimId": "dayanim10034",
      "dayNumber": "068",
      "duration": 12.820512820512821,
      "freeze": false,
      "lastDayAnimId": "dayanim10033",
    },
    {
      "dayAnimId": "dayanim10035",
      "dayNumber": "069",
      "duration": 12.820512820512821,
      "freeze": false,
      "lastDayAnimId": "dayanim10034",
    },
    {
      "dayAnimId": "dayanim10036",
      "dayNumber": "070",
      "duration": 12.820512820512821,
      "freeze": false,
      "lastDayAnimId": "dayanim10035",
    },
    {
      "dayAnimId": "dayanim10037",
      "dayNumber": "071",
      "duration": 12.820512820512821,
      "freeze": false,
      "lastDayAnimId": "dayanim10036",
    },
    {
      "dayAnimId": "dayanim10038",
      "dayNumber": "072",
      "duration": 12.820512820512821,
      "freeze": false,
      "lastDayAnimId": "dayanim10037",
    },
    {
      "dayAnimId": "dayanim100hold",
      "dayNumber": "072",
      "duration": 6480,
      "freeze": false,
      "lastDayAnimId": "dayanim10038",
      "noOpacity": true,
    },
    {
      "dayAnimId": "dayanim1100",
      "dayNumber": "073",
      "duration": 35.714285714285715,
      "freeze": false,
      "lastDayAnimId": "dayanim100hold",
    },
    {
      "dayAnimId": "dayanim1101",
      "dayNumber": "074",
      "duration": 35.714285714285715,
      "freeze": false,
      "lastDayAnimId": "dayanim1100",
    },
    {
      "dayAnimId": "dayanim1102",
      "dayNumber": "075",
      "duration": 35.714285714285715,
      "freeze": false,
      "lastDayAnimId": "dayanim1101",
    },
    {
      "dayAnimId": "dayanim1103",
      "dayNumber": "076",
      "duration": 35.714285714285715,
      "freeze": false,
      "lastDayAnimId": "dayanim1102",
    },
    {
      "dayAnimId": "dayanim1104",
      "dayNumber": "077",
      "duration": 35.714285714285715,
      "freeze": false,
      "lastDayAnimId": "dayanim1103",
    },
    {
      "dayAnimId": "dayanim1105",
      "dayNumber": "078",
      "duration": 35.714285714285715,
      "freeze": false,
      "lastDayAnimId": "dayanim1104",
    },
    {
      "dayAnimId": "dayanim1106",
      "dayNumber": "079",
      "duration": 35.714285714285715,
      "freeze": false,
      "lastDayAnimId": "dayanim1105",
    },
    {
      "dayAnimId": "dayanim1107",
      "dayNumber": "080",
      "duration": 35.714285714285715,
      "freeze": false,
      "lastDayAnimId": "dayanim1106",
    },
    {
      "dayAnimId": "dayanim1108",
      "dayNumber": "081",
      "duration": 35.714285714285715,
      "freeze": false,
      "lastDayAnimId": "dayanim1107",
    },
    {
      "dayAnimId": "dayanim1109",
      "dayNumber": "082",
      "duration": 35.714285714285715,
      "freeze": false,
      "lastDayAnimId": "dayanim1108",
    },
    {
      "dayAnimId": "dayanim11010",
      "dayNumber": "083",
      "duration": 35.714285714285715,
      "freeze": false,
      "lastDayAnimId": "dayanim1109",
    },
    {
      "dayAnimId": "dayanim11011",
      "dayNumber": "084",
      "duration": 35.714285714285715,
      "freeze": false,
      "lastDayAnimId": "dayanim11010",
    },
    {
      "dayAnimId": "dayanim11012",
      "dayNumber": "085",
      "duration": 35.714285714285715,
      "freeze": false,
      "lastDayAnimId": "dayanim11011",
    },
    {
      "dayAnimId": "dayanim11013",
      "dayNumber": "086",
      "duration": 35.714285714285715,
      "freeze": true,
      "lastDayAnimId": "dayanim11012",
    },
    {
      "dayAnimId": "dayanim110hold",
      "dayNumber": "086",
      "duration": 0,
      "freeze": true,
      "lastDayAnimId": "dayanim11013",
      "noOpacity": true,
    },
  ],
  "expectedDuration": 73940,
  "graphConfig": {
    "lastPostTime": 1702817520000,
    "steps": [
      {
        "dates": [
          "2023-10-07",
          "2023-10-08",
          "2023-10-09",
        ],
        "distance": 9.714285715592453,
        "distanceBefore": 0,
        "killedCounts": [
          198,
          256,
          436,
        ],
        "markerPoint": [
          10.86481987187927,
          229.20674638231648,
        ],
        "markerTooltip": "October 9th 2023",
        "postTime": 1696831740000,
        "stepDurations": [
          500,
          13920,
        ],
      },
      {
        "dates": [],
        "distance": 0.2615012106889294,
        "distanceBefore": 9.714285715592453,
        "killedCounts": [],
        "markerPoint": [
          11.11546909495079,
          229.01794405508028,
        ],
        "markerTooltip": "October 9th 2023",
        "postTime": 1696836600000,
        "stepDurations": [
          500,
          9360,
        ],
      },
      {
        "dates": [
          "2023-10-10",
        ],
        "distance": 5.317944579676882,
        "distanceBefore": 9.975786926281383,
        "killedCounts": [
          765,
        ],
        "markerPoint": [
          16.303088968360747,
          225.3061116532412,
        ],
        "markerTooltip": "October 10th 2023",
        "postTime": 1696935434000,
        "stepDurations": [
          500,
          10320,
        ],
      },
      {
        "dates": [
          "2023-10-11",
          "2023-10-12",
        ],
        "distance": 8.699811677253136,
        "distanceBefore": 15.293731505958267,
        "killedCounts": [
          1055,
          1203,
        ],
        "markerPoint": [
          25.12475742248997,
          220.18339294764647,
        ],
        "markerTooltip": "October 12th 2023",
        "postTime": 1697097120000,
        "stepDurations": [
          500,
          3840,
        ],
      },
      {
        "dates": [
          "2023-10-13",
        ],
        "distance": 4.71347861241774,
        "distanceBefore": 23.9935431832114,
        "killedCounts": [
          1709,
        ],
        "markerPoint": [
          28.820640796673512,
          215.90171638451963,
        ],
        "markerTooltip": "October 13th 2023",
        "postTime": 1697184720000,
        "stepDurations": [
          500,
          14160,
        ],
      },
      {
        "dates": [
          "2023-10-14",
          "2023-10-15",
          "2023-10-16",
          "2023-10-17",
          "2023-10-18",
          "2023-10-19",
          "2023-10-20",
          "2023-10-21",
          "2023-10-22",
        ],
        "distance": 43.55770783475352,
        "distanceBefore": 28.70702179562914,
        "killedCounts": [
          2215,
          2450,
          2808,
          3006,
          3478,
          3785,
          4137,
          4385,
          4651,
        ],
        "markerPoint": [
          70.35648091519003,
          185.03369796669548,
        ],
        "markerTooltip": "October 22nd 2023",
        "postTime": 1697994240000,
        "stepDurations": [
          500,
          1920,
        ],
      },
      {
        "dates": [
          "2023-10-23",
          "2023-10-24",
          "2023-10-25",
          "2023-10-26",
          "2023-10-27",
          "2023-10-28",
          "2023-10-29",
          "2023-10-30",
          "2023-10-31",
          "2023-11-01",
        ],
        "distance": 44.39951574447129,
        "distanceBefore": 72.26472963038266,
        "killedCounts": [
          5087,
          5791,
          6546,
          7028,
          7326,
          7703,
          8005,
          8306,
          8525,
          8805,
        ],
        "markerPoint": [
          106.32519408831709,
          146.83290455908633,
        ],
        "markerTooltip": "November 1st 2023",
        "postTime": 1698819405000,
        "stepDurations": [
          500,
          2880,
        ],
      },
      {
        "dates": [
          "2023-11-02",
          "2023-11-03",
          "2023-11-04",
        ],
        "distance": 15.695614745183697,
        "distanceBefore": 116.66424537485395,
        "killedCounts": [
          9061,
          9257,
          9488,
        ],
        "markerPoint": [
          122.54718699503644,
          137.30848681598366,
        ],
        "markerTooltip": "November 4th 2023",
        "postTime": 1699111108000,
        "stepDurations": [
          500,
          1680,
        ],
      },
      {
        "dates": [],
        "distance": 0.21479687923255272,
        "distanceBefore": 132.35986012003764,
        "killedCounts": [],
        "markerPoint": [
          122.7823506438893,
          137.20295793230434,
        ],
        "markerTooltip": "November 4th 2023",
        "postTime": 1699115100000,
        "stepDurations": [
          500,
          480,
        ],
      },
      {
        "dates": [
          "2023-11-05",
          "2023-11-06",
          "2023-11-07",
          "2023-11-08",
        ],
        "distance": 18.2082324479699,
        "distanceBefore": 132.5746569992702,
        "killedCounts": [
          9770,
          10000,
          10328,
          10569,
        ],
        "markerPoint": [
          141.9598629138591,
          126.81744444458798,
        ],
        "markerTooltip": "November 8th 2023",
        "postTime": 1699453500000,
        "stepDurations": [
          500,
          2400,
        ],
      },
      {
        "dates": [
          "2023-11-09",
          "2023-11-10",
          "2023-11-11",
          "2023-11-12",
          "2023-11-13",
          "2023-11-14",
          "2023-11-15",
          "2023-11-16",
          "2023-11-17",
          "2023-11-18",
          "2023-11-19",
          "2023-11-20",
          "2023-11-21",
          "2023-11-22",
          "2023-11-23",
          "2023-11-24",
          "2023-11-25",
          "2023-11-26",
          "2023-11-27",
          "2023-11-28",
          "2023-11-29",
          "2023-11-30",
          "2023-12-01",
          "2023-12-02",
          "2023-12-03",
          "2023-12-04",
          "2023-12-05",
          "2023-12-06",
          "2023-12-07",
          "2023-12-08",
          "2023-12-09",
          "2023-12-10",
          "2023-12-11",
          "2023-12-12",
          "2023-12-13",
          "2023-12-14",
          "2023-12-15",
          "2023-12-16",
          "2023-12-17",
        ],
        "distance": 181.00726394686671,
        "distanceBefore": 150.78288944724008,
        "killedCounts": [
          10818,
          11078,
          11129,
          11180,
          11240,
          11320,
          11500,
          12000,
          12000,
          12300,
          13000,
          13300,
          14128,
          14532,
          14854,
          15000,
          15000,
          15000,
          15000,
          15000,
          15000,
          15000,
          15110,
          15207,
          15523,
          15899,
          16248,
          16827,
          17177,
          17487,
          17700,
          17997,
          18205,
          18412,
          18608,
          18787,
          18800,
          19017,
          19235,
        ],
        "markerPoint": [
          325.2340696631509,
          32.299674011957876,
        ],
        "markerTooltip": "December 17th 2023",
        "postTime": 1702817520000,
        "stepDurations": [
          500,
          6480,
        ],
      },
      {
        "dates": [
          "2023-12-18",
          "2023-12-19",
          "2023-12-20",
          "2023-12-21",
          "2023-12-22",
          "2023-12-23",
          "2023-12-24",
          "2023-12-25",
          "2023-12-26",
          "2023-12-27",
          "2023-12-28",
          "2023-12-29",
          "2023-12-30",
          "2023-12-31",
        ],
        "distance": 68.20984660589318,
        "distanceBefore": 331.7901533941068,
        "killedCounts": [
          19453,
          19667,
          19797,
          19927,
          20057,
          20258,
          20424,
          20674,
          20915,
          21110,
          21320,
          21507,
          21672,
          21822,
        ],
        "postTime": 0,
        "stepDurations": [
          500,
          0,
        ],
      },
    ],
    "totalDistance": 331.7901533941068,
  },
  "postDelayLookup": {
    "0": 73440,
    "1696831740000": 500,
    "1696836600000": 14920,
    "1696935434000": 24780,
    "1697097120000": 35600,
    "1697184720000": 39940,
    "1697994240000": 54600,
    "1698819405000": 57020,
    "1699111108000": 60400,
    "1699115100000": 62580,
    "1699453500000": 63560,
    "1702817520000": 66460,
  },
  "svgTexts": [
    {
      "count": "198",
      "countAnimId": "countanim00",
      "countDuration": 166.66666666666666,
      "freeze": false,
      "lastCountAnimId": "",
    },
    {
      "count": "256",
      "countAnimId": "countanim01",
      "countDuration": 166.66666666666666,
      "freeze": false,
      "lastCountAnimId": "countanim00",
    },
    {
      "count": "436",
      "countAnimId": "countanim02",
      "countDuration": 166.66666666666666,
      "freeze": false,
      "lastCountAnimId": "countanim01",
    },
    {
      "count": "436",
      "countAnimId": "countanim0hold",
      "countDuration": 13920,
      "freeze": false,
      "lastCountAnimId": "countanim02",
      "noOpacity": true,
    },
    {
      "count": "436",
      "countAnimId": "countanim10hold",
      "countDuration": 9860,
      "freeze": false,
      "lastCountAnimId": "countanim0hold",
      "noOpacity": true,
    },
    {
      "count": "765",
      "countAnimId": "countanim200",
      "countDuration": 500,
      "freeze": false,
      "lastCountAnimId": "countanim10hold",
    },
    {
      "count": "765",
      "countAnimId": "countanim20hold",
      "countDuration": 10320,
      "freeze": false,
      "lastCountAnimId": "countanim200",
      "noOpacity": true,
    },
    {
      "count": "1,055",
      "countAnimId": "countanim300",
      "countDuration": 250,
      "freeze": false,
      "lastCountAnimId": "countanim20hold",
    },
    {
      "count": "1,203",
      "countAnimId": "countanim301",
      "countDuration": 250,
      "freeze": false,
      "lastCountAnimId": "countanim300",
    },
    {
      "count": "1,203",
      "countAnimId": "countanim30hold",
      "countDuration": 3840,
      "freeze": false,
      "lastCountAnimId": "countanim301",
      "noOpacity": true,
    },
    {
      "count": "1,709",
      "countAnimId": "countanim400",
      "countDuration": 500,
      "freeze": false,
      "lastCountAnimId": "countanim30hold",
    },
    {
      "count": "1,709",
      "countAnimId": "countanim40hold",
      "countDuration": 14160,
      "freeze": false,
      "lastCountAnimId": "countanim400",
      "noOpacity": true,
    },
    {
      "count": "2,215",
      "countAnimId": "countanim500",
      "countDuration": 55.55555555555556,
      "freeze": false,
      "lastCountAnimId": "countanim40hold",
    },
    {
      "count": "2,450",
      "countAnimId": "countanim501",
      "countDuration": 55.55555555555556,
      "freeze": false,
      "lastCountAnimId": "countanim500",
    },
    {
      "count": "2,808",
      "countAnimId": "countanim502",
      "countDuration": 55.55555555555556,
      "freeze": false,
      "lastCountAnimId": "countanim501",
    },
    {
      "count": "3,006",
      "countAnimId": "countanim503",
      "countDuration": 55.55555555555556,
      "freeze": false,
      "lastCountAnimId": "countanim502",
    },
    {
      "count": "3,478",
      "countAnimId": "countanim504",
      "countDuration": 55.55555555555556,
      "freeze": false,
      "lastCountAnimId": "countanim503",
    },
    {
      "count": "3,785",
      "countAnimId": "countanim505",
      "countDuration": 55.55555555555556,
      "freeze": false,
      "lastCountAnimId": "countanim504",
    },
    {
      "count": "4,137",
      "countAnimId": "countanim506",
      "countDuration": 55.55555555555556,
      "freeze": false,
      "lastCountAnimId": "countanim505",
    },
    {
      "count": "4,385",
      "countAnimId": "countanim507",
      "countDuration": 55.55555555555556,
      "freeze": false,
      "lastCountAnimId": "countanim506",
    },
    {
      "count": "4,651",
      "countAnimId": "countanim508",
      "countDuration": 55.55555555555556,
      "freeze": false,
      "lastCountAnimId": "countanim507",
    },
    {
      "count": "4,651",
      "countAnimId": "countanim50hold",
      "countDuration": 1920,
      "freeze": false,
      "lastCountAnimId": "countanim508",
      "noOpacity": true,
    },
    {
      "count": "5,087",
      "countAnimId": "countanim600",
      "countDuration": 50,
      "freeze": false,
      "lastCountAnimId": "countanim50hold",
    },
    {
      "count": "5,791",
      "countAnimId": "countanim601",
      "countDuration": 50,
      "freeze": false,
      "lastCountAnimId": "countanim600",
    },
    {
      "count": "6,546",
      "countAnimId": "countanim602",
      "countDuration": 50,
      "freeze": false,
      "lastCountAnimId": "countanim601",
    },
    {
      "count": "7,028",
      "countAnimId": "countanim603",
      "countDuration": 50,
      "freeze": false,
      "lastCountAnimId": "countanim602",
    },
    {
      "count": "7,326",
      "countAnimId": "countanim604",
      "countDuration": 50,
      "freeze": false,
      "lastCountAnimId": "countanim603",
    },
    {
      "count": "7,703",
      "countAnimId": "countanim605",
      "countDuration": 50,
      "freeze": false,
      "lastCountAnimId": "countanim604",
    },
    {
      "count": "8,005",
      "countAnimId": "countanim606",
      "countDuration": 50,
      "freeze": false,
      "lastCountAnimId": "countanim605",
    },
    {
      "count": "8,306",
      "countAnimId": "countanim607",
      "countDuration": 50,
      "freeze": false,
      "lastCountAnimId": "countanim606",
    },
    {
      "count": "8,525",
      "countAnimId": "countanim608",
      "countDuration": 50,
      "freeze": false,
      "lastCountAnimId": "countanim607",
    },
    {
      "count": "8,805",
      "countAnimId": "countanim609",
      "countDuration": 50,
      "freeze": false,
      "lastCountAnimId": "countanim608",
    },
    {
      "count": "8,805",
      "countAnimId": "countanim60hold",
      "countDuration": 2880,
      "freeze": false,
      "lastCountAnimId": "countanim609",
      "noOpacity": true,
    },
    {
      "count": "9,061",
      "countAnimId": "countanim700",
      "countDuration": 166.66666666666666,
      "freeze": false,
      "lastCountAnimId": "countanim60hold",
    },
    {
      "count": "9,257",
      "countAnimId": "countanim701",
      "countDuration": 166.66666666666666,
      "freeze": false,
      "lastCountAnimId": "countanim700",
    },
    {
      "count": "9,488",
      "countAnimId": "countanim702",
      "countDuration": 166.66666666666666,
      "freeze": false,
      "lastCountAnimId": "countanim701",
    },
    {
      "count": "9,488",
      "countAnimId": "countanim70hold",
      "countDuration": 1680,
      "freeze": false,
      "lastCountAnimId": "countanim702",
      "noOpacity": true,
    },
    {
      "count": "9,488",
      "countAnimId": "countanim80hold",
      "countDuration": 980,
      "freeze": false,
      "lastCountAnimId": "countanim70hold",
      "noOpacity": true,
    },
    {
      "count": "9,770",
      "countAnimId": "countanim900",
      "countDuration": 125,
      "freeze": false,
      "lastCountAnimId": "countanim80hold",
    },
    {
      "count": "10,000",
      "countAnimId": "countanim901",
      "countDuration": 125,
      "freeze": false,
      "lastCountAnimId": "countanim900",
    },
    {
      "count": "10,328",
      "countAnimId": "countanim902",
      "countDuration": 125,
      "freeze": false,
      "lastCountAnimId": "countanim901",
    },
    {
      "count": "10,569",
      "countAnimId": "countanim903",
      "countDuration": 125,
      "freeze": false,
      "lastCountAnimId": "countanim902",
    },
    {
      "count": "10,569",
      "countAnimId": "countanim90hold",
      "countDuration": 2400,
      "freeze": false,
      "lastCountAnimId": "countanim903",
      "noOpacity": true,
    },
    {
      "count": "10,818",
      "countAnimId": "countanim1000",
      "countDuration": 12.820512820512821,
      "freeze": false,
      "lastCountAnimId": "countanim90hold",
    },
    {
      "count": "11,078",
      "countAnimId": "countanim1001",
      "countDuration": 12.820512820512821,
      "freeze": false,
      "lastCountAnimId": "countanim1000",
    },
    {
      "count": "11,129",
      "countAnimId": "countanim1002",
      "countDuration": 12.820512820512821,
      "freeze": false,
      "lastCountAnimId": "countanim1001",
    },
    {
      "count": "11,180",
      "countAnimId": "countanim1003",
      "countDuration": 12.820512820512821,
      "freeze": false,
      "lastCountAnimId": "countanim1002",
    },
    {
      "count": "11,240",
      "countAnimId": "countanim1004",
      "countDuration": 12.820512820512821,
      "freeze": false,
      "lastCountAnimId": "countanim1003",
    },
    {
      "count": "11,320",
      "countAnimId": "countanim1005",
      "countDuration": 12.820512820512821,
      "freeze": false,
      "lastCountAnimId": "countanim1004",
    },
    {
      "count": "11,500",
      "countAnimId": "countanim1006",
      "countDuration": 12.820512820512821,
      "freeze": false,
      "lastCountAnimId": "countanim1005",
    },
    {
      "count": "12,000",
      "countAnimId": "countanim1007",
      "countDuration": 12.820512820512821,
      "freeze": false,
      "lastCountAnimId": "countanim1006",
    },
    {
      "count": "12,000",
      "countAnimId": "countanim1008",
      "countDuration": 12.820512820512821,
      "freeze": false,
      "lastCountAnimId": "countanim1007",
    },
    {
      "count": "12,300",
      "countAnimId": "countanim1009",
      "countDuration": 12.820512820512821,
      "freeze": false,
      "lastCountAnimId": "countanim1008",
    },
    {
      "count": "13,000",
      "countAnimId": "countanim10010",
      "countDuration": 12.820512820512821,
      "freeze": false,
      "lastCountAnimId": "countanim1009",
    },
    {
      "count": "13,300",
      "countAnimId": "countanim10011",
      "countDuration": 12.820512820512821,
      "freeze": false,
      "lastCountAnimId": "countanim10010",
    },
    {
      "count": "14,128",
      "countAnimId": "countanim10012",
      "countDuration": 12.820512820512821,
      "freeze": false,
      "lastCountAnimId": "countanim10011",
    },
    {
      "count": "14,532",
      "countAnimId": "countanim10013",
      "countDuration": 12.820512820512821,
      "freeze": false,
      "lastCountAnimId": "countanim10012",
    },
    {
      "count": "14,854",
      "countAnimId": "countanim10014",
      "countDuration": 12.820512820512821,
      "freeze": false,
      "lastCountAnimId": "countanim10013",
    },
    {
      "count": "15,000",
      "countAnimId": "countanim10015",
      "countDuration": 12.820512820512821,
      "freeze": false,
      "lastCountAnimId": "countanim10014",
    },
    {
      "count": "15,000",
      "countAnimId": "countanim10016",
      "countDuration": 12.820512820512821,
      "freeze": false,
      "lastCountAnimId": "countanim10015",
    },
    {
      "count": "15,000",
      "countAnimId": "countanim10017",
      "countDuration": 12.820512820512821,
      "freeze": false,
      "lastCountAnimId": "countanim10016",
    },
    {
      "count": "15,000",
      "countAnimId": "countanim10018",
      "countDuration": 12.820512820512821,
      "freeze": false,
      "lastCountAnimId": "countanim10017",
    },
    {
      "count": "15,000",
      "countAnimId": "countanim10019",
      "countDuration": 12.820512820512821,
      "freeze": false,
      "lastCountAnimId": "countanim10018",
    },
    {
      "count": "15,000",
      "countAnimId": "countanim10020",
      "countDuration": 12.820512820512821,
      "freeze": false,
      "lastCountAnimId": "countanim10019",
    },
    {
      "count": "15,000",
      "countAnimId": "countanim10021",
      "countDuration": 12.820512820512821,
      "freeze": false,
      "lastCountAnimId": "countanim10020",
    },
    {
      "count": "15,110",
      "countAnimId": "countanim10022",
      "countDuration": 12.820512820512821,
      "freeze": false,
      "lastCountAnimId": "countanim10021",
    },
    {
      "count": "15,207",
      "countAnimId": "countanim10023",
      "countDuration": 12.820512820512821,
      "freeze": false,
      "lastCountAnimId": "countanim10022",
    },
    {
      "count": "15,523",
      "countAnimId": "countanim10024",
      "countDuration": 12.820512820512821,
      "freeze": false,
      "lastCountAnimId": "countanim10023",
    },
    {
      "count": "15,899",
      "countAnimId": "countanim10025",
      "countDuration": 12.820512820512821,
      "freeze": false,
      "lastCountAnimId": "countanim10024",
    },
    {
      "count": "16,248",
      "countAnimId": "countanim10026",
      "countDuration": 12.820512820512821,
      "freeze": false,
      "lastCountAnimId": "countanim10025",
    },
    {
      "count": "16,827",
      "countAnimId": "countanim10027",
      "countDuration": 12.820512820512821,
      "freeze": false,
      "lastCountAnimId": "countanim10026",
    },
    {
      "count": "17,177",
      "countAnimId": "countanim10028",
      "countDuration": 12.820512820512821,
      "freeze": false,
      "lastCountAnimId": "countanim10027",
    },
    {
      "count": "17,487",
      "countAnimId": "countanim10029",
      "countDuration": 12.820512820512821,
      "freeze": false,
      "lastCountAnimId": "countanim10028",
    },
    {
      "count": "17,700",
      "countAnimId": "countanim10030",
      "countDuration": 12.820512820512821,
      "freeze": false,
      "lastCountAnimId": "countanim10029",
    },
    {
      "count": "17,997",
      "countAnimId": "countanim10031",
      "countDuration": 12.820512820512821,
      "freeze": false,
      "lastCountAnimId": "countanim10030",
    },
    {
      "count": "18,205",
      "countAnimId": "countanim10032",
      "countDuration": 12.820512820512821,
      "freeze": false,
      "lastCountAnimId": "countanim10031",
    },
    {
      "count": "18,412",
      "countAnimId": "countanim10033",
      "countDuration": 12.820512820512821,
      "freeze": false,
      "lastCountAnimId": "countanim10032",
    },
    {
      "count": "18,608",
      "countAnimId": "countanim10034",
      "countDuration": 12.820512820512821,
      "freeze": false,
      "lastCountAnimId": "countanim10033",
    },
    {
      "count": "18,787",
      "countAnimId": "countanim10035",
      "countDuration": 12.820512820512821,
      "freeze": false,
      "lastCountAnimId": "countanim10034",
    },
    {
      "count": "18,800",
      "countAnimId": "countanim10036",
      "countDuration": 12.820512820512821,
      "freeze": false,
      "lastCountAnimId": "countanim10035",
    },
    {
      "count": "19,017",
      "countAnimId": "countanim10037",
      "countDuration": 12.820512820512821,
      "freeze": false,
      "lastCountAnimId": "countanim10036",
    },
    {
      "count": "19,235",
      "countAnimId": "countanim10038",
      "countDuration": 12.820512820512821,
      "freeze": false,
      "lastCountAnimId": "countanim10037",
    },
    {
      "count": "19,235",
      "countAnimId": "countanim100hold",
      "countDuration": 6480,
      "freeze": false,
      "lastCountAnimId": "countanim10038",
      "noOpacity": true,
    },
    {
      "count": "19,453",
      "countAnimId": "countanim1100",
      "countDuration": 35.714285714285715,
      "freeze": false,
      "lastCountAnimId": "countanim100hold",
    },
    {
      "count": "19,667",
      "countAnimId": "countanim1101",
      "countDuration": 35.714285714285715,
      "freeze": false,
      "lastCountAnimId": "countanim1100",
    },
    {
      "count": "19,797",
      "countAnimId": "countanim1102",
      "countDuration": 35.714285714285715,
      "freeze": false,
      "lastCountAnimId": "countanim1101",
    },
    {
      "count": "19,927",
      "countAnimId": "countanim1103",
      "countDuration": 35.714285714285715,
      "freeze": false,
      "lastCountAnimId": "countanim1102",
    },
    {
      "count": "20,057",
      "countAnimId": "countanim1104",
      "countDuration": 35.714285714285715,
      "freeze": false,
      "lastCountAnimId": "countanim1103",
    },
    {
      "count": "20,258",
      "countAnimId": "countanim1105",
      "countDuration": 35.714285714285715,
      "freeze": false,
      "lastCountAnimId": "countanim1104",
    },
    {
      "count": "20,424",
      "countAnimId": "countanim1106",
      "countDuration": 35.714285714285715,
      "freeze": false,
      "lastCountAnimId": "countanim1105",
    },
    {
      "count": "20,674",
      "countAnimId": "countanim1107",
      "countDuration": 35.714285714285715,
      "freeze": false,
      "lastCountAnimId": "countanim1106",
    },
    {
      "count": "20,915",
      "countAnimId": "countanim1108",
      "countDuration": 35.714285714285715,
      "freeze": false,
      "lastCountAnimId": "countanim1107",
    },
    {
      "count": "21,110",
      "countAnimId": "countanim1109",
      "countDuration": 35.714285714285715,
      "freeze": false,
      "lastCountAnimId": "countanim1108",
    },
    {
      "count": "21,320",
      "countAnimId": "countanim11010",
      "countDuration": 35.714285714285715,
      "freeze": false,
      "lastCountAnimId": "countanim1109",
    },
    {
      "count": "21,507",
      "countAnimId": "countanim11011",
      "countDuration": 35.714285714285715,
      "freeze": false,
      "lastCountAnimId": "countanim11010",
    },
    {
      "count": "21,672",
      "countAnimId": "countanim11012",
      "countDuration": 35.714285714285715,
      "freeze": false,
      "lastCountAnimId": "countanim11011",
    },
    {
      "count": "21,822",
      "countAnimId": "countanim11013",
      "countDuration": 35.714285714285715,
      "freeze": true,
      "lastCountAnimId": "countanim11012",
    },
    {
      "count": "21,822",
      "countAnimId": "countanim110hold",
      "countDuration": 0,
      "freeze": true,
      "lastCountAnimId": "countanim11013",
      "noOpacity": true,
    },
  ],
}
`;
